******************************************************************************
            TI ARM Clang Linker Unix v4.0.1                    
******************************************************************************
>> Linked Mon Apr  7 18:06:27 2025

OUTPUT FILE NAME:   <ECE319K_Lab7H.out>
ENTRY POINT SYMBOL: "_c_int00_noargs"  address: 00000809


MEMORY CONFIGURATION

         name            origin    length      used     unused   attr    fill
----------------------  --------  ---------  --------  --------  ----  --------
  FLASH                 00000000   00020000  00000948  0001f6b8  R  X
  SRAM                  20200000   00008000  00000424  00007bdc  RW X
  BCR_CONFIG            41c00000   00000080  00000000  00000080  R   
  BSL_CONFIG            41c00100   00000080  00000000  00000080  R   


SEGMENT ALLOCATION MAP

run origin  load origin   length   init length attrs members
----------  ----------- ---------- ----------- ----- -------
00000000    00000000    00000948   00000948    r-x
  00000000    00000000    000000c0   000000c0    r-- .intvecs
  000000c0    000000c0    00000850   00000850    r-x .text
  00000910    00000910    00000008   00000008    r-- .init_array
  00000918    00000918    00000030   00000030    r-- .cinit
20200000    20200000    00000224   00000000    rw-
  20200000    20200000    00000200   00000000    rw- .sysmem
  20200200    20200200    00000018   00000000    rw- .data
  20200218    20200218    0000000c   00000000    rw- .bss
20207e00    20207e00    00000200   00000000    rw-
  20207e00    20207e00    00000200   00000000    rw- .stack


SECTION ALLOCATION MAP

 output                                  attributes/
section   page    origin      length       input sections
--------  ----  ----------  ----------   ----------------
.intvecs   0    00000000    000000c0     
                  00000000    000000c0     startup_mspm0g3507_ticlang.o (.intvecs)

.binit     0    00000000    00000000     

.text      0    000000c0    00000850     
                  000000c0    000001b4     Clock.o (.text._Z15Clock_Init80MHzi)
                  00000274    00000128     TExaS.o (.text._Z8ADC_InitP10ADC12_Regsjj)
                  0000039c    000000e8     TExaS.o (.text._Z9UART_Initv)
                  00000484    000000a8     Timer.o (.text._Z14TimerG7_IntArmtjj)
                  0000052c    0000007c     LaunchPad.o (.text._Z14LaunchPad_Initv)
                  000005a8    0000007c     libc.a : copy_decompress_lzss.c.obj (.text:decompress:lzss)
                  00000624    00000058     TExaS.o (.text._Z10TExaS_InitP10ADC12_RegsjPFhvE)
                  0000067c    00000054     libc.a : autoinit.c.obj (.text:__TI_auto_init_nobinit)
                  000006d0    00000040     TExaS.o (.text.TIMG7_IRQHandler)
                  00000710    00000040     libclang_rt.builtins.a : aeabi_uidivmod.S.obj (.text.__aeabi_uidivmod)
                  00000750    00000038     LaunchPad.o (.text._Z15ActivatePortA_Bv)
                  00000788    00000030     Lab7HMain.o (.text.TIMG12_IRQHandler)
                  000007b8    00000028     TExaS.o (.text._Z9ADC_StartP10ADC12_Regs)
                  000007e0    00000028     Lab7HMain.o (.text.main)
                  00000808    00000028     libc.a : boot_cortex_m.c.obj (.text:_c_int00_noargs)
                  00000830    0000001c     startup_mspm0g3507_ticlang.o (.text.Default_Handler)
                  0000084c    0000001c     startup_mspm0g3507_ticlang.o (.text.HardFault_Handler)
                  00000868    00000018     Lab7HMain.o (.text.__cxx_global_var_init)
                  00000880    00000016     libc.a : copy_zero_init.c.obj (.text:decompress:ZI:__TI_zero_init_nomemset)
                  00000896    00000012            : memcpy16.S.obj (.text:TI_memcpy_small)
                  000008a8    00000012            : copy_decompress_none.c.obj (.text:decompress:none)
                  000008ba    00000010     Clock.o (.text._Z11Clock_Delayj)
                  000008ca    0000000e     SlidePot.o (.text._ZN8SlidePotC2Ejj)
                  000008d8    0000000c     Clock.o (.text._Z10Clock_Freqv)
                  000008e4    0000000a     Lab7HMain.o (.text._Z8PLL_Initv)
                  000008ee    00000008     Lab7HMain.o (.text._GLOBAL__sub_I_Lab7HMain.cpp)
                  000008f6    00000002     libclang_rt.builtins.a : aeabi_div0.c.obj (.text.__aeabi_idiv0)
                  000008f8    00000008                            : aeabi_memcpy.S.obj (.text.__aeabi_memcpy)
                  00000900    00000004     startup_mspm0g3507_ticlang.o (.text.Reset_Handler)
                  00000904    00000004     libc.a : pre_init.c.obj (.text._system_pre_init)
                  00000908    00000004            : exit.c.obj (.text:abort)
                  0000090c    00000004     --HOLE-- [fill = 0]

.cinit     0    00000918    00000030     
                  00000918    0000000c     (__TI_handler_table)
                  00000924    0000000b     (.cinit..data.load) [load image, compression = lzss]
                  0000092f    00000001     --HOLE-- [fill = 0]
                  00000930    00000008     (.cinit..bss.load) [load image, compression = zero_init]
                  00000938    00000010     (__TI_cinit_table)

.init_array 
*          0    00000910    00000008     
                  00000910    00000004     Lab7HMain.o (.init_array)
                  00000914    00000004     --HOLE-- [fill = 0]

.sysmem    0    20200000    00000200     UNINITIALIZED
                  20200000    00000010     libc.a : memory.c.obj (.sysmem)
                  20200010    000001f0     --HOLE--

.data      0    20200200    00000018     UNINITIALIZED
                  20200200    00000014     Lab7HMain.o (.data.Sensor)
                  20200214    00000004     Clock.o (.data.BusFreq)

.bss       0    20200218    0000000c     UNINITIALIZED
                  20200218    00000004     TExaS.o (.bss.TExaSLogic)
                  2020021c    00000004     TExaS.o (.bss.TExaSadc)
                  20200220    00000004     Lab7HMain.o (.bss.Time)

.stack     0    20207e00    00000200     UNINITIALIZED
                  20207e00    00000004     libc.a : boot_cortex_m.c.obj (.stack)
                  20207e04    000001fc     --HOLE--

__llvm_prf_cnts 
*          0    20200000    00000000     UNINITIALIZED

__llvm_prf_bits 
*          0    20200000    00000000     UNINITIALIZED

MODULE SUMMARY

       Module                         code   ro data   rw data
       ------                         ----   -------   -------
    ./
       TExaS.o                        720    0         8      
       Clock.o                        464    0         4      
       LaunchPad.o                    180    0         0      
       Timer.o                        168    0         0      
       Lab7HMain.o                    130    4         24     
       SlidePot.o                     14     0         0      
    +--+------------------------------+------+---------+---------+
       Total:                         1676   4         36     
                                                              
    ./ticlang/
       startup_mspm0g3507_ticlang.o   60     192       0      
    +--+------------------------------+------+---------+---------+
       Total:                         60     192       0      
                                                              
    /Applications/ti/ccs2000/ccs/tools/compiler/ti-cgt-armllvm_4.0.1.LTS/lib/armv6m-ti-none-eabi/c/libc.a
       copy_decompress_lzss.c.obj     124    0         0      
       autoinit.c.obj                 84     0         0      
       boot_cortex_m.c.obj            40     0         0      
       copy_zero_init.c.obj           22     0         0      
       copy_decompress_none.c.obj     18     0         0      
       memcpy16.S.obj                 18     0         0      
       exit.c.obj                     4      0         0      
       pre_init.c.obj                 4      0         0      
    +--+------------------------------+------+---------+---------+
       Total:                         314    0         0      
                                                              
    /Applications/ti/ccs2000/ccs/tools/compiler/ti-cgt-armllvm_4.0.1.LTS/lib/armv6m-ti-none-eabi/libclang_rt.builtins.a
       aeabi_uidivmod.S.obj           64     0         0      
       aeabi_memcpy.S.obj             8      0         0      
       aeabi_div0.c.obj               2      0         0      
    +--+------------------------------+------+---------+---------+
       Total:                         74     0         0      
                                                              
       Heap:                          0      0         512    
       Stack:                         0      0         512    
       Linker Generated:              0      47        0      
    +--+------------------------------+------+---------+---------+
       Grand Total:                   2124   243       1060   


LINKER GENERATED COPY TABLES

__TI_cinit_table @ 00000938 records: 2, size/record: 8, table size: 16
	.data: load addr=00000924, load size=0000000b bytes, run addr=20200200, run size=00000018 bytes, compression=lzss
	.bss: load addr=00000930, load size=00000008 bytes, run addr=20200218, run size=0000000c bytes, compression=zero_init


LINKER GENERATED HANDLER TABLE

__TI_handler_table @ 00000918 records: 3, size/record: 4, table size: 12
	index: 0, handler: __TI_decompress_lzss
	index: 1, handler: __TI_decompress_none
	index: 2, handler: __TI_zero_init


GLOBAL SYMBOLS: SORTED ALPHABETICALLY BY Name 

address   name                             
-------   ----                             
00000831  ADC0_IRQHandler                  
00000831  ADC1_IRQHandler                  
00000831  AES_IRQHandler                   
20200214  BusFreq                          
00000908  C$$EXIT                          
00000831  CANFD0_IRQHandler                
00000831  DAC0_IRQHandler                  
00000831  DMA_IRQHandler                   
00000831  Default_Handler                  
00000831  GROUP0_IRQHandler                
00000831  GROUP1_IRQHandler                
0000084d  HardFault_Handler                
00000831  I2C0_IRQHandler                  
00000831  I2C1_IRQHandler                  
00000831  NMI_Handler                      
00000831  PendSV_Handler                   
00000831  RTC_IRQHandler                   
00000901  Reset_Handler                    
00000910  SHT$$INIT_ARRAY$$Base            
00000914  SHT$$INIT_ARRAY$$Limit           
00000831  SPI0_IRQHandler                  
00000831  SPI1_IRQHandler                  
00000831  SVC_Handler                      
20200200  Sensor                           
00000831  SysTick_Handler                  
20200218  TExaSLogic                       
2020021c  TExaSadc                         
00000831  TIMA0_IRQHandler                 
00000831  TIMA1_IRQHandler                 
00000831  TIMG0_IRQHandler                 
00000789  TIMG12_IRQHandler                
00000831  TIMG6_IRQHandler                 
000006d1  TIMG7_IRQHandler                 
00000831  TIMG8_IRQHandler                 
00000897  TI_memcpy_small                  
20200220  Time                             
00000831  UART0_IRQHandler                 
00000831  UART1_IRQHandler                 
00000831  UART2_IRQHandler                 
00000831  UART3_IRQHandler                 
000008d9  _Z10Clock_Freqv                  
00000625  _Z10TExaS_InitP10ADC12_RegsjPFhvE
000008bb  _Z11Clock_Delayj                 
0000052d  _Z14LaunchPad_Initv              
00000485  _Z14TimerG7_IntArmtjj            
00000751  _Z15ActivatePortA_Bv             
000000c1  _Z15Clock_Init80MHzi             
00000275  _Z8ADC_InitP10ADC12_Regsjj       
000008e5  _Z8PLL_Initv                     
000007b9  _Z9ADC_StartP10ADC12_Regs        
0000039d  _Z9UART_Initv                    
000008cb  _ZN8SlidePotC1Ejj                
000008cb  _ZN8SlidePotC2Ejj                
20208000  __STACK_END                      
00000200  __STACK_SIZE                     
00000200  __SYSMEM_SIZE                    
00000000  __TI_ATRegion0_region_sz         
00000000  __TI_ATRegion0_src_addr          
00000000  __TI_ATRegion0_trg_addr          
00000000  __TI_ATRegion1_region_sz         
00000000  __TI_ATRegion1_src_addr          
00000000  __TI_ATRegion1_trg_addr          
00000000  __TI_ATRegion2_region_sz         
00000000  __TI_ATRegion2_src_addr          
00000000  __TI_ATRegion2_trg_addr          
00000938  __TI_CINIT_Base                  
00000948  __TI_CINIT_Limit                 
00000948  __TI_CINIT_Warm                  
00000918  __TI_Handler_Table_Base          
00000924  __TI_Handler_Table_Limit         
0000067d  __TI_auto_init_nobinit           
000005a9  __TI_decompress_lzss             
000008a9  __TI_decompress_none             
ffffffff  __TI_pprof_out_hndl              
ffffffff  __TI_prof_data_size              
ffffffff  __TI_prof_data_start             
00000000  __TI_static_base__               
00000881  __TI_zero_init_nomemset          
000008f7  __aeabi_idiv0                    
000008f9  __aeabi_memcpy                   
000008f9  __aeabi_memcpy4                  
000008f9  __aeabi_memcpy8                  
00000711  __aeabi_uidiv                    
00000711  __aeabi_uidivmod                 
ffffffff  __binit__                        
UNDEFED   __mpu_init                       
20207e00  __stack                          
20200000  __start___llvm_prf_bits          
20200000  __start___llvm_prf_cnts          
20200000  __stop___llvm_prf_bits           
20200000  __stop___llvm_prf_cnts           
00000809  _c_int00_noargs                  
20200000  _sys_memory                      
UNDEFED   _system_post_cinit               
00000905  _system_pre_init                 
00000909  abort                            
ffffffff  binit                            
00000000  interruptVectors                 
000007e1  main                             


GLOBAL SYMBOLS: SORTED BY Symbol Address 

address   name                             
-------   ----                             
00000000  __TI_ATRegion0_region_sz         
00000000  __TI_ATRegion0_src_addr          
00000000  __TI_ATRegion0_trg_addr          
00000000  __TI_ATRegion1_region_sz         
00000000  __TI_ATRegion1_src_addr          
00000000  __TI_ATRegion1_trg_addr          
00000000  __TI_ATRegion2_region_sz         
00000000  __TI_ATRegion2_src_addr          
00000000  __TI_ATRegion2_trg_addr          
00000000  __TI_static_base__               
00000000  interruptVectors                 
000000c1  _Z15Clock_Init80MHzi             
00000200  __STACK_SIZE                     
00000200  __SYSMEM_SIZE                    
00000275  _Z8ADC_InitP10ADC12_Regsjj       
0000039d  _Z9UART_Initv                    
00000485  _Z14TimerG7_IntArmtjj            
0000052d  _Z14LaunchPad_Initv              
000005a9  __TI_decompress_lzss             
00000625  _Z10TExaS_InitP10ADC12_RegsjPFhvE
0000067d  __TI_auto_init_nobinit           
000006d1  TIMG7_IRQHandler                 
00000711  __aeabi_uidiv                    
00000711  __aeabi_uidivmod                 
00000751  _Z15ActivatePortA_Bv             
00000789  TIMG12_IRQHandler                
000007b9  _Z9ADC_StartP10ADC12_Regs        
000007e1  main                             
00000809  _c_int00_noargs                  
00000831  ADC0_IRQHandler                  
00000831  ADC1_IRQHandler                  
00000831  AES_IRQHandler                   
00000831  CANFD0_IRQHandler                
00000831  DAC0_IRQHandler                  
00000831  DMA_IRQHandler                   
00000831  Default_Handler                  
00000831  GROUP0_IRQHandler                
00000831  GROUP1_IRQHandler                
00000831  I2C0_IRQHandler                  
00000831  I2C1_IRQHandler                  
00000831  NMI_Handler                      
00000831  PendSV_Handler                   
00000831  RTC_IRQHandler                   
00000831  SPI0_IRQHandler                  
00000831  SPI1_IRQHandler                  
00000831  SVC_Handler                      
00000831  SysTick_Handler                  
00000831  TIMA0_IRQHandler                 
00000831  TIMA1_IRQHandler                 
00000831  TIMG0_IRQHandler                 
00000831  TIMG6_IRQHandler                 
00000831  TIMG8_IRQHandler                 
00000831  UART0_IRQHandler                 
00000831  UART1_IRQHandler                 
00000831  UART2_IRQHandler                 
00000831  UART3_IRQHandler                 
0000084d  HardFault_Handler                
00000881  __TI_zero_init_nomemset          
00000897  TI_memcpy_small                  
000008a9  __TI_decompress_none             
000008bb  _Z11Clock_Delayj                 
000008cb  _ZN8SlidePotC1Ejj                
000008cb  _ZN8SlidePotC2Ejj                
000008d9  _Z10Clock_Freqv                  
000008e5  _Z8PLL_Initv                     
000008f7  __aeabi_idiv0                    
000008f9  __aeabi_memcpy                   
000008f9  __aeabi_memcpy4                  
000008f9  __aeabi_memcpy8                  
00000901  Reset_Handler                    
00000905  _system_pre_init                 
00000908  C$$EXIT                          
00000909  abort                            
00000910  SHT$$INIT_ARRAY$$Base            
00000914  SHT$$INIT_ARRAY$$Limit           
00000918  __TI_Handler_Table_Base          
00000924  __TI_Handler_Table_Limit         
00000938  __TI_CINIT_Base                  
00000948  __TI_CINIT_Limit                 
00000948  __TI_CINIT_Warm                  
20200000  __start___llvm_prf_bits          
20200000  __start___llvm_prf_cnts          
20200000  __stop___llvm_prf_bits           
20200000  __stop___llvm_prf_cnts           
20200000  _sys_memory                      
20200200  Sensor                           
20200214  BusFreq                          
20200218  TExaSLogic                       
2020021c  TExaSadc                         
20200220  Time                             
20207e00  __stack                          
20208000  __STACK_END                      
ffffffff  __TI_pprof_out_hndl              
ffffffff  __TI_prof_data_size              
ffffffff  __TI_prof_data_start             
ffffffff  __binit__                        
ffffffff  binit                            
UNDEFED   __mpu_init                       
UNDEFED   _system_post_cinit               

[99 symbols]
