******************************************************************************
            TI ARM Clang Linker Unix v4.0.1                    
******************************************************************************
>> Linked Tue Feb 25 02:08:25 2025

OUTPUT FILE NAME:   <ECE319K_Lab4.out>
ENTRY POINT SYMBOL: "_c_int00_noargs"  address: 0000155d


MEMORY CONFIGURATION

         name            origin    length      used     unused   attr    fill
----------------------  --------  ---------  --------  --------  ----  --------
  FLASH                 00000000   00020000  000020c0  0001df40  R  X
  SRAM                  20200000   00008000  00000643  000079bd  RW X
  BCR_CONFIG            41c00000   00000080  00000000  00000080  R   
  BSL_CONFIG            41c00100   00000080  00000000  00000080  R   


SEGMENT ALLOCATION MAP

run origin  load origin   length   init length attrs members
----------  ----------- ---------- ----------- ----- -------
00000000    00000000    000020c0   000020c0    r-x
  00000000    00000000    000000c0   000000c0    r-- .intvecs
  000000c0    000000c0    00001660   00001660    r-x .text
  00001720    00001720    00000970   00000970    r-- .rodata
  00002090    00002090    00000030   00000030    r-- .cinit
20200000    20200000    00000443   00000000    rw-
  20200000    20200000    00000220   00000000    rw- .bss
  20200220    20200220    00000200   00000000    rw- .sysmem
  20200420    20200420    00000023   00000000    rw- .data
20207e00    20207e00    00000200   00000000    rw-
  20207e00    20207e00    00000200   00000000    rw- .stack


SECTION ALLOCATION MAP

 output                                  attributes/
section   page    origin      length       input sections
--------  ----  ----------  ----------   ----------------
.intvecs   0    00000000    000000c0     
                  00000000    000000c0     startup_mspm0g3507_ticlang.o (.intvecs)

.text      0    000000c0    00001660     
                  000000c0    0000031c     ECE319K_Lab4Grader.o (.text.TIMG7_IRQHandler)
                  000003dc    00000298     ECE319K_Lab4Grader.o (.text.CheckInitialization)
                  00000674    00000294     ECE319K_Lab4Grader.o (.text.Lab4Grader)
                  00000908    000001b4     Clock.o (.text.Clock_Init80MHz)
                  00000abc    00000130     UARTints.o (.text.UART_Init)
                  00000bec    000000b8     ECE319K_Lab4main.o (.text.main)
                  00000ca4    000000a8     Timer.o (.text.TimerG7_IntArm)
                  00000d4c    0000008c     ECE319K_Lab4main.o (.text.Traffic_Init)
                  00000dd8    00000008     libclang_rt.builtins.a : aeabi_memcpy.S.obj (.text.__aeabi_memcpy)
                  00000de0    00000088     libc.a : strcmp-armv6m.S.obj (.text:strcmp)
                  00000e68    0000007c     LaunchPad.o (.text.LaunchPad_Init)
                  00000ee4    0000007c     ECE319K_Lab4Grader.o (.text.ReadSensor)
                  00000f60    0000007c     libc.a : copy_decompress_lzss.c.obj (.text:decompress:lzss)
                  00000fdc    00000064     ECE319K_Lab4Grader.o (.text.GetState)
                  00001040    0000005c     ECE319K_Lab4Grader.o (.text.ReadSouth)
                  0000109c    0000005c     UARTints.o (.text.UART0_IRQHandler)
                  000010f8    00000058     UARTints.o (.text.copyHardwareToSoftware)
                  00001150    00000050     Dump.o (.text.Debug_Dump)
                  000011a0    0000004c     ECE319K_Lab4Grader.o (.text.ReadWest)
                  000011ec    0000004c     FIFO.o (.text.RxFifo_Put)
                  00001238    0000004c     FIFO.o (.text.TxFifo_Get)
                  00001284    0000004c     FIFO.o (.text.TxFifo_Put)
                  000012d0    0000004c     UARTints.o (.text.copySoftwareToHardware)
                  0000131c    00000040     UARTints.o (.text.UART_OutChar)
                  0000135c    00000040     libclang_rt.builtins.a : aeabi_uidivmod.S.obj (.text.__aeabi_uidivmod)
                  0000139c    0000003c     libc.a : autoinit.c.obj (.text:__TI_auto_init_nobinit_nopinit)
                  000013d8    00000038     LaunchPad.o (.text.ActivatePortA_B)
                  00001410    00000036     UART.o (.text.UART_OutUDec)
                  00001446    00000002     libclang_rt.builtins.a : aeabi_div0.c.obj (.text.__aeabi_idiv0)
                  00001448    00000034     Clock.o (.text.SysTick_Wait)
                  0000147c    00000034     ECE319K_Lab4main.o (.text.Traffic_Out)
                  000014b0    00000034     ECE319K_Lab4Grader.o (.text.setUpper)
                  000014e4    00000028     ECE319K_Lab4Grader.o (.text.Grader_Init)
                  0000150c    00000028     ECE319K_Lab4Grader.o (.text.ReadWalk)
                  00001534    00000028     Clock.o (.text.SysTick_Wait10ms)
                  0000155c    00000028     libc.a : boot_cortex_m.c.obj (.text:_c_int00_noargs)
                  00001584    00000026     UART.o (.text.UART_OutString)
                  000015aa    00000002     --HOLE-- [fill = 0]
                  000015ac    00000020     ECE319K_Lab4Grader.o (.text.Random32)
                  000015cc    00000020     Clock.o (.text.SysTick_Init)
                  000015ec    0000001c     startup_mspm0g3507_ticlang.o (.text.Default_Handler)
                  00001608    0000001c     startup_mspm0g3507_ticlang.o (.text.HardFault_Handler)
                  00001624    00000018     FIFO.o (.text.RxFifo_Size)
                  0000163c    00000018     FIFO.o (.text.TxFifo_Size)
                  00001654    00000016     libc.a : copy_zero_init.c.obj (.text:decompress:ZI:__TI_zero_init_nomemset)
                  0000166a    00000002     --HOLE-- [fill = 0]
                  0000166c    00000014     FIFO.o (.text.RxFifo_Init)
                  00001680    00000014     FIFO.o (.text.TxFifo_Init)
                  00001694    00000012     libc.a : memcpy16.S.obj (.text:TI_memcpy_small)
                  000016a6    00000012            : copy_decompress_none.c.obj (.text:decompress:none)
                  000016b8    00000010     Clock.o (.text.Clock_Delay)
                  000016c8    00000010     LaunchPad.o (.text.Delay)
                  000016d8    00000010     ECE319K_Lab4Grader.o (.text.OutCRLF)
                  000016e8    00000010     ECE319K_Lab4main.o (.text.Traffic_In)
                  000016f8    0000000c     Clock.o (.text.Clock_Freq)
                  00001704    0000000c     LaunchPad.o (.text.LaunchPad_LED1off)
                  00001710    00000004     startup_mspm0g3507_ticlang.o (.text.Reset_Handler)
                  00001714    00000004     libc.a : pre_init.c.obj (.text._system_pre_init)
                  00001718    00000004            : exit.c.obj (.text:abort)
                  0000171c    00000004     --HOLE-- [fill = 0]

.cinit     0    00002090    00000030     
                  00002090    0000000c     (.cinit..data.load) [load image, compression = lzss]
                  0000209c    0000000c     (__TI_handler_table)
                  000020a8    00000008     (.cinit..bss.load) [load image, compression = zero_init]
                  000020b0    00000010     (__TI_cinit_table)

.rodata    0    00001720    00000970     
                  00001720    00000240     ECE319K_Lab4main.o (.rodata..L__const.main.FSM)
                  00001960    00000140     ECE319K_Lab4Grader.o (.rodata.SensorProblem)
                  00001aa0    000000f0     ECE319K_Lab4Grader.o (.rodata.SouthProblem)
                  00001b90    000000c8     ECE319K_Lab4Grader.o (.rodata.PatternProblem)
                  00001c58    000000c4     ECE319K_Lab4Grader.o (.rodata.pat)
                  00001d1c    000000a0     ECE319K_Lab4Grader.o (.rodata.WestProblem)
                  00001dbc    0000003c     ECE319K_Lab4Grader.o (.rodata.str1.33178702382128063511)
                  00001df8    0000003b     ECE319K_Lab4Grader.o (.rodata.str1.34338108663945114111)
                  00001e33    0000003b     ECE319K_Lab4Grader.o (.rodata.str1.83965500955376455081)
                  00001e6e    0000003a     ECE319K_Lab4Grader.o (.rodata.str1.46641900071989434961)
                  00001ea8    00000039     ECE319K_Lab4Grader.o (.rodata.str1.101786750012153853561)
                  00001ee1    00000037     ECE319K_Lab4Grader.o (.rodata.str1.89826471332389254811)
                  00001f18    0000002f     ECE319K_Lab4Grader.o (.rodata.str1.72217892764431003391)
                  00001f47    0000002d     ECE319K_Lab4Grader.o (.rodata.str1.126612601997215824021)
                  00001f74    0000001c     ECE319K_Lab4Grader.o (.rodata.validPatterns)
                  00001f90    00000018     ECE319K_Lab4Grader.o (.rodata.Patterns)
                  00001fa8    00000015     ECE319K_Lab4Grader.o (.rodata.str1.116433098454076486001)
                  00001fbd    00000014     ECE319K_Lab4Grader.o (.rodata.str1.144391106505873079501)
                  00001fd1    00000014     ECE319K_Lab4Grader.o (.rodata.str1.6113954655642233881)
                  00001fe5    00000011     ECE319K_Lab4Grader.o (.rodata.str1.114852366240512568111)
                  00001ff6    00000011     ECE319K_Lab4Grader.o (.rodata.str1.159714553038272807631)
                  00002007    00000011     ECE319K_Lab4Grader.o (.rodata.str1.26264556204412158021)
                  00002018    00000010     ECE319K_Lab4Grader.o (.rodata.str1.100997235355534114531)
                  00002028    00000010     ECE319K_Lab4Grader.o (.rodata.str1.178541419972375408971)
                  00002038    0000000d     ECE319K_Lab4Grader.o (.rodata.str1.23889265132940433811)
                  00002045    0000000a     ECE319K_Lab4Grader.o (.rodata.str1.26563150357451494811)
                  0000204f    0000000a     ECE319K_Lab4Grader.o (.rodata.str1.69906889678196165881)
                  00002059    00000008     ECE319K_Lab4main.o (.rodata.EID1)
                  00002061    00000008     ECE319K_Lab4Grader.o (.rodata.str1.168399637756820142381)
                  00002069    00000007     ECE319K_Lab4main.o (.rodata.EID2)
                  00002070    00000007     ECE319K_Lab4Grader.o (.rodata.str1.142566647173898256291)
                  00002077    00000007     ECE319K_Lab4Grader.o (.rodata.str1.80107736207525412591)
                  0000207e    00000007     ECE319K_Lab4Grader.o (.rodata.str1.85906719155229904161)
                  00002085    00000006     ECE319K_Lab4Grader.o (.rodata.str1.133361453838061636321)
                  0000208b    00000005     ECE319K_Lab4Grader.o (.rodata.str1.154730482690474842861)

.init_array 
*          0    00000000    00000000     UNINITIALIZED

.binit     0    00000000    00000000     

.bss       0    20200000    00000220     UNINITIALIZED
                  20200000    000000c8     (.common:DataBuffer)
                  202000c8    000000c8     (.common:TimeBuffer)
                  20200190    00000040     FIFO.o (.bss.TxFifo)
                  202001d0    00000010     FIFO.o (.bss.RxFifo)
                  202001e0    00000004     (.common:DebugCnt)
                  202001e4    00000004     (.common:LastIn)
                  202001e8    00000004     (.common:LastOut)
                  202001ec    00000004     (.common:LastState)
                  202001f0    00000004     (.common:LookingFlag)
                  202001f4    00000004     (.common:LookingFor)
                  202001f8    00000004     (.common:M)
                  202001fc    00000004     (.common:NeedState)
                  20200200    00000004     (.common:RxGetI)
                  20200204    00000004     (.common:RxPutI)
                  20200208    00000004     (.common:TxGetI)
                  2020020c    00000004     (.common:TxPutI)
                  20200210    00000004     (.common:WrongState)
                  20200214    00000004     (.common:in)
                  20200218    00000004     (.common:out)
                  2020021c    00000004     (.common:state)

.sysmem    0    20200220    00000200     UNINITIALIZED
                  20200220    00000010     libc.a : memory.c.obj (.sysmem)
                  20200230    000001f0     --HOLE--

.data      0    20200420    00000023     UNINITIALIZED
                  20200420    00000004     Clock.o (.data.BusFreq)
                  20200424    00000004     ECE319K_Lab4Grader.o (.data.Fail)
                  20200428    00000004     ECE319K_Lab4Grader.o (.data.PatternMode)
                  2020042c    00000004     ECE319K_Lab4Grader.o (.data.Score)
                  20200430    00000004     ECE319K_Lab4Grader.o (.data.SensorMode)
                  20200434    00000004     ECE319K_Lab4Grader.o (.data.SouthMode)
                  20200438    00000004     ECE319K_Lab4Grader.o (.data.Time)
                  2020043c    00000004     ECE319K_Lab4Grader.o (.data.WestMode)
                  20200440    00000002     ECE319K_Lab4main.o (.data.stateOffset)
                  20200442    00000001     ECE319K_Lab4main.o (.data.nextOffset)

.stack     0    20207e00    00000200     UNINITIALIZED
                  20207e00    00000004     libc.a : boot_cortex_m.c.obj (.stack)
                  20207e04    000001fc     --HOLE--

__llvm_prf_cnts 
*          0    20200000    00000000     UNINITIALIZED

__llvm_prf_bits 
*          0    20200000    00000000     UNINITIALIZED

MODULE SUMMARY

       Module                         code   ro data   rw data
       ------                         ----   -------   -------
    ./
       ECE319K_Lab4Grader.o           2692   1825      72     
       ECE319K_Lab4main.o             392    591       3      
       UARTints.o                     624    0         0      
       Clock.o                        588    0         4      
       Dump.o                         80     0         404    
       FIFO.o                         316    0         96     
       LaunchPad.o                    208    0         0      
       Timer.o                        168    0         0      
       UART.o                         92     0         0      
    +--+------------------------------+------+---------+---------+
       Total:                         5160   2416      579    
                                                              
    ./ticlang/
       startup_mspm0g3507_ticlang.o   60     192       0      
    +--+------------------------------+------+---------+---------+
       Total:                         60     192       0      
                                                              
    /Applications/ti/ccs2000/ccs/tools/compiler/ti-cgt-armllvm_4.0.1.LTS/lib/armv6m-ti-none-eabi/c/libc.a
       strcmp-armv6m.S.obj            136    0         0      
       copy_decompress_lzss.c.obj     124    0         0      
       autoinit.c.obj                 60     0         0      
       boot_cortex_m.c.obj            40     0         0      
       copy_zero_init.c.obj           22     0         0      
       copy_decompress_none.c.obj     18     0         0      
       memcpy16.S.obj                 18     0         0      
       exit.c.obj                     4      0         0      
       pre_init.c.obj                 4      0         0      
    +--+------------------------------+------+---------+---------+
       Total:                         426    0         0      
                                                              
    /Applications/ti/ccs2000/ccs/tools/compiler/ti-cgt-armllvm_4.0.1.LTS/lib/armv6m-ti-none-eabi/libclang_rt.builtins.a
       aeabi_uidivmod.S.obj           64     0         0      
       aeabi_memcpy.S.obj             8      0         0      
       aeabi_div0.c.obj               2      0         0      
    +--+------------------------------+------+---------+---------+
       Total:                         74     0         0      
                                                              
       Heap:                          0      0         512    
       Stack:                         0      0         512    
       Linker Generated:              0      48        0      
    +--+------------------------------+------+---------+---------+
       Grand Total:                   5720   2656      1603   


LINKER GENERATED COPY TABLES

__TI_cinit_table @ 000020b0 records: 2, size/record: 8, table size: 16
	.data: load addr=00002090, load size=0000000c bytes, run addr=20200420, run size=00000023 bytes, compression=lzss
	.bss: load addr=000020a8, load size=00000008 bytes, run addr=20200000, run size=00000220 bytes, compression=zero_init


LINKER GENERATED HANDLER TABLE

__TI_handler_table @ 0000209c records: 3, size/record: 4, table size: 12
	index: 0, handler: __TI_decompress_lzss
	index: 1, handler: __TI_decompress_none
	index: 2, handler: __TI_zero_init


GLOBAL SYMBOLS: SORTED ALPHABETICALLY BY Name 

address   name                          
-------   ----                          
000015ed  ADC0_IRQHandler               
000015ed  ADC1_IRQHandler               
000015ed  AES_IRQHandler                
000013d9  ActivatePortA_B               
20200420  BusFreq                       
00001718  C$$EXIT                       
000015ed  CANFD0_IRQHandler             
000003dd  CheckInitialization           
000016b9  Clock_Delay                   
000016f9  Clock_Freq                    
00000909  Clock_Init80MHz               
000015ed  DAC0_IRQHandler               
000015ed  DMA_IRQHandler                
20200000  DataBuffer                    
202001e0  DebugCnt                      
00001151  Debug_Dump                    
000015ed  Default_Handler               
000016c9  Delay                         
00002059  EID1                          
00002069  EID2                          
000015ed  GROUP0_IRQHandler             
000015ed  GROUP1_IRQHandler             
00000fdd  GetState                      
000014e5  Grader_Init                   
00001609  HardFault_Handler             
000015ed  I2C0_IRQHandler               
000015ed  I2C1_IRQHandler               
00000675  Lab4Grader                    
202001e4  LastIn                        
202001e8  LastOut                       
202001ec  LastState                     
00000e69  LaunchPad_Init                
00001705  LaunchPad_LED1off             
202001f0  LookingFlag                   
202001f4  LookingFor                    
202001f8  M                             
000015ed  NMI_Handler                   
202001fc  NeedState                     
000016d9  OutCRLF                       
00001b90  PatternProblem                
00001f90  Patterns                      
000015ed  PendSV_Handler                
000015ed  RTC_IRQHandler                
000015ad  Random32                      
00000ee5  ReadSensor                    
00001041  ReadSouth                     
0000150d  ReadWalk                      
000011a1  ReadWest                      
00001711  Reset_Handler                 
0000166d  RxFifo_Init                   
000011ed  RxFifo_Put                    
00001625  RxFifo_Size                   
20200200  RxGetI                        
20200204  RxPutI                        
000015ed  SPI0_IRQHandler               
000015ed  SPI1_IRQHandler               
000015ed  SVC_Handler                   
00001960  SensorProblem                 
00001aa0  SouthProblem                  
000015ed  SysTick_Handler               
000015cd  SysTick_Init                  
00001449  SysTick_Wait                  
00001535  SysTick_Wait10ms              
000015ed  TIMA0_IRQHandler              
000015ed  TIMA1_IRQHandler              
000015ed  TIMG0_IRQHandler              
000015ed  TIMG12_IRQHandler             
000015ed  TIMG6_IRQHandler              
000000c1  TIMG7_IRQHandler              
000015ed  TIMG8_IRQHandler              
00001695  TI_memcpy_small               
20200438  Time                          
202000c8  TimeBuffer                    
00000ca5  TimerG7_IntArm                
000016e9  Traffic_In                    
00000d4d  Traffic_Init                  
0000147d  Traffic_Out                   
00001239  TxFifo_Get                    
00001681  TxFifo_Init                   
00001285  TxFifo_Put                    
0000163d  TxFifo_Size                   
20200208  TxGetI                        
2020020c  TxPutI                        
0000109d  UART0_IRQHandler              
000015ed  UART1_IRQHandler              
000015ed  UART2_IRQHandler              
000015ed  UART3_IRQHandler              
00000abd  UART_Init                     
0000131d  UART_OutChar                  
00001585  UART_OutString                
00001411  UART_OutUDec                  
00001d1c  WestProblem                   
20200210  WrongState                    
20208000  __STACK_END                   
00000200  __STACK_SIZE                  
00000200  __SYSMEM_SIZE                 
00000000  __TI_ATRegion0_region_sz      
00000000  __TI_ATRegion0_src_addr       
00000000  __TI_ATRegion0_trg_addr       
00000000  __TI_ATRegion1_region_sz      
00000000  __TI_ATRegion1_src_addr       
00000000  __TI_ATRegion1_trg_addr       
00000000  __TI_ATRegion2_region_sz      
00000000  __TI_ATRegion2_src_addr       
00000000  __TI_ATRegion2_trg_addr       
000020b0  __TI_CINIT_Base               
000020c0  __TI_CINIT_Limit              
000020c0  __TI_CINIT_Warm               
0000209c  __TI_Handler_Table_Base       
000020a8  __TI_Handler_Table_Limit      
0000139d  __TI_auto_init_nobinit_nopinit
00000f61  __TI_decompress_lzss          
000016a7  __TI_decompress_none          
ffffffff  __TI_pprof_out_hndl           
ffffffff  __TI_prof_data_size           
ffffffff  __TI_prof_data_start          
00000000  __TI_static_base__            
00001655  __TI_zero_init_nomemset       
00001447  __aeabi_idiv0                 
00000dd9  __aeabi_memcpy                
00000dd9  __aeabi_memcpy4               
00000dd9  __aeabi_memcpy8               
0000135d  __aeabi_uidiv                 
0000135d  __aeabi_uidivmod              
ffffffff  __binit__                     
UNDEFED   __mpu_init                    
20207e00  __stack                       
20200000  __start___llvm_prf_bits       
20200000  __start___llvm_prf_cnts       
20200000  __stop___llvm_prf_bits        
20200000  __stop___llvm_prf_cnts        
0000155d  _c_int00_noargs               
20200220  _sys_memory                   
UNDEFED   _system_post_cinit            
00001715  _system_pre_init              
00001719  abort                         
ffffffff  binit                         
20200214  in                            
00000000  interruptVectors              
00000bed  main                          
20200442  nextOffset                    
20200218  out                           
00001c58  pat                           
000014b1  setUpper                      
2020021c  state                         
20200440  stateOffset                   
00000de1  strcmp                        
00001f74  validPatterns                 


GLOBAL SYMBOLS: SORTED BY Symbol Address 

address   name                          
-------   ----                          
00000000  __TI_ATRegion0_region_sz      
00000000  __TI_ATRegion0_src_addr       
00000000  __TI_ATRegion0_trg_addr       
00000000  __TI_ATRegion1_region_sz      
00000000  __TI_ATRegion1_src_addr       
00000000  __TI_ATRegion1_trg_addr       
00000000  __TI_ATRegion2_region_sz      
00000000  __TI_ATRegion2_src_addr       
00000000  __TI_ATRegion2_trg_addr       
00000000  __TI_static_base__            
00000000  interruptVectors              
000000c1  TIMG7_IRQHandler              
00000200  __STACK_SIZE                  
00000200  __SYSMEM_SIZE                 
000003dd  CheckInitialization           
00000675  Lab4Grader                    
00000909  Clock_Init80MHz               
00000abd  UART_Init                     
00000bed  main                          
00000ca5  TimerG7_IntArm                
00000d4d  Traffic_Init                  
00000dd9  __aeabi_memcpy                
00000dd9  __aeabi_memcpy4               
00000dd9  __aeabi_memcpy8               
00000de1  strcmp                        
00000e69  LaunchPad_Init                
00000ee5  ReadSensor                    
00000f61  __TI_decompress_lzss          
00000fdd  GetState                      
00001041  ReadSouth                     
0000109d  UART0_IRQHandler              
00001151  Debug_Dump                    
000011a1  ReadWest                      
000011ed  RxFifo_Put                    
00001239  TxFifo_Get                    
00001285  TxFifo_Put                    
0000131d  UART_OutChar                  
0000135d  __aeabi_uidiv                 
0000135d  __aeabi_uidivmod              
0000139d  __TI_auto_init_nobinit_nopinit
000013d9  ActivatePortA_B               
00001411  UART_OutUDec                  
00001447  __aeabi_idiv0                 
00001449  SysTick_Wait                  
0000147d  Traffic_Out                   
000014b1  setUpper                      
000014e5  Grader_Init                   
0000150d  ReadWalk                      
00001535  SysTick_Wait10ms              
0000155d  _c_int00_noargs               
00001585  UART_OutString                
000015ad  Random32                      
000015cd  SysTick_Init                  
000015ed  ADC0_IRQHandler               
000015ed  ADC1_IRQHandler               
000015ed  AES_IRQHandler                
000015ed  CANFD0_IRQHandler             
000015ed  DAC0_IRQHandler               
000015ed  DMA_IRQHandler                
000015ed  Default_Handler               
000015ed  GROUP0_IRQHandler             
000015ed  GROUP1_IRQHandler             
000015ed  I2C0_IRQHandler               
000015ed  I2C1_IRQHandler               
000015ed  NMI_Handler                   
000015ed  PendSV_Handler                
000015ed  RTC_IRQHandler                
000015ed  SPI0_IRQHandler               
000015ed  SPI1_IRQHandler               
000015ed  SVC_Handler                   
000015ed  SysTick_Handler               
000015ed  TIMA0_IRQHandler              
000015ed  TIMA1_IRQHandler              
000015ed  TIMG0_IRQHandler              
000015ed  TIMG12_IRQHandler             
000015ed  TIMG6_IRQHandler              
000015ed  TIMG8_IRQHandler              
000015ed  UART1_IRQHandler              
000015ed  UART2_IRQHandler              
000015ed  UART3_IRQHandler              
00001609  HardFault_Handler             
00001625  RxFifo_Size                   
0000163d  TxFifo_Size                   
00001655  __TI_zero_init_nomemset       
0000166d  RxFifo_Init                   
00001681  TxFifo_Init                   
00001695  TI_memcpy_small               
000016a7  __TI_decompress_none          
000016b9  Clock_Delay                   
000016c9  Delay                         
000016d9  OutCRLF                       
000016e9  Traffic_In                    
000016f9  Clock_Freq                    
00001705  LaunchPad_LED1off             
00001711  Reset_Handler                 
00001715  _system_pre_init              
00001718  C$$EXIT                       
00001719  abort                         
00001960  SensorProblem                 
00001aa0  SouthProblem                  
00001b90  PatternProblem                
00001c58  pat                           
00001d1c  WestProblem                   
00001f74  validPatterns                 
00001f90  Patterns                      
00002059  EID1                          
00002069  EID2                          
0000209c  __TI_Handler_Table_Base       
000020a8  __TI_Handler_Table_Limit      
000020b0  __TI_CINIT_Base               
000020c0  __TI_CINIT_Limit              
000020c0  __TI_CINIT_Warm               
20200000  DataBuffer                    
20200000  __start___llvm_prf_bits       
20200000  __start___llvm_prf_cnts       
20200000  __stop___llvm_prf_bits        
20200000  __stop___llvm_prf_cnts        
202000c8  TimeBuffer                    
202001e0  DebugCnt                      
202001e4  LastIn                        
202001e8  LastOut                       
202001ec  LastState                     
202001f0  LookingFlag                   
202001f4  LookingFor                    
202001f8  M                             
202001fc  NeedState                     
20200200  RxGetI                        
20200204  RxPutI                        
20200208  TxGetI                        
2020020c  TxPutI                        
20200210  WrongState                    
20200214  in                            
20200218  out                           
2020021c  state                         
20200220  _sys_memory                   
20200420  BusFreq                       
20200438  Time                          
20200440  stateOffset                   
20200442  nextOffset                    
20207e00  __stack                       
20208000  __STACK_END                   
ffffffff  __TI_pprof_out_hndl           
ffffffff  __TI_prof_data_size           
ffffffff  __TI_prof_data_start          
ffffffff  __binit__                     
ffffffff  binit                         
UNDEFED   __mpu_init                    
UNDEFED   _system_post_cinit            

[148 symbols]
