******************************************************************************
            TI ARM Clang Linker Unix v4.0.1                    
******************************************************************************
>> Linked Mon Apr  7 21:26:03 2025

OUTPUT FILE NAME:   <ECE319K_Lab8H.out>
ENTRY POINT SYMBOL: "_c_int00_noargs"  address: 00001cf9


MEMORY CONFIGURATION

         name            origin    length      used     unused   attr    fill
----------------------  --------  ---------  --------  --------  ----  --------
  FLASH                 00000000   00020000  000025c0  0001da40  R  X
  SRAM                  20200000   00008000  0000082d  000077d3  RW X
  BCR_CONFIG            41c00000   00000080  00000000  00000080  R   
  BSL_CONFIG            41c00100   00000080  00000000  00000080  R   


SEGMENT ALLOCATION MAP

run origin  load origin   length   init length attrs members
----------  ----------- ---------- ----------- ----- -------
00000000    00000000    000025c0   000025c0    r-x
  00000000    00000000    000000c0   000000c0    r-- .intvecs
  000000c0    000000c0    00001eb0   00001eb0    r-x .text
  00001f70    00001f70    000005b0   000005b0    r-- .rodata
  00002520    00002520    00000008   00000008    r-- .init_array
  00002528    00002528    00000098   00000098    r-- .cinit
20200000    20200000    00000634   00000000    rw-
  20200000    20200000    00000259   00000000    rw- .data
  20200260    20200260    00000200   00000000    rw- .sysmem
  20200460    20200460    000001d4   00000000    rw- .bss
20207e00    20207e00    00000200   00000000    rw-
  20207e00    20207e00    00000200   00000000    rw- .stack


SECTION ALLOCATION MAP

 output                                  attributes/
section   page    origin      length       input sections
--------  ----  ----------  ----------   ----------------
.intvecs   0    00000000    000000c0     
                  00000000    000000c0     startup_mspm0g3507_ticlang.o (.intvecs)

.binit     0    00000000    00000000     

.text      0    000000c0    00001eb0     
                  000000c0    000001b4     Clock.o (.text._Z15Clock_Init80MHzi)
                  00000274    000001a0     ST7735.o (.text._Z16ST7735_DrawCharSsscssh)
                  00000414    00000154     libc.a : fopen.c.obj (.text._openfile)
                  00000568    00000118     ST7735.o (.text._Z15ST7735_FillRectsssst)
                  00000680    00000114     libc.a : memory.c.obj (.text.aligned_alloc)
                  00000794    000000f8     SPI.o (.text._Z8SPI_Initv)
                  0000088c    000000ec     libsysbm.a : add_device.c.obj (.text.add_device)
                  00000978    000000e8     libc.a : memory.c.obj (.text.free)
                  00000a60    000000e0            : setvbuf.c.obj (.text.setvbuf)
                  00000b40    000000d0     ST7735.o (.text._Z14ST7735_OutCharc)
                  00000c10    000000ac     UART2.o (.text._Z10UART2_Initv)
                  00000cbc    000000a2     ST7735.o (.text._ZL11commandListPKh)
                  00000d5e    00000002     libclang_rt.builtins.a : aeabi_div0.c.obj (.text.__aeabi_idiv0)
                  00000d60    000000a0     libsysbm.a : open.c.obj (.text.open)
                  00000e00    0000009c     ST7735.o (.text._Z17ST7735_InitPrintfv)
                  00000e9c    00000098     ST7735.o (.text._Z12ST7735_InitR10initRFlags)
                  00000f34    00000088     ST7735.o (.text._ZL13setAddrWindowhhhh)
                  00000fbc    00000004     libc.a : pre_init.c.obj (.text._system_pre_init)
                  00000fc0    00000088            : strcmp-armv6m.S.obj (.text:strcmp)
                  00001048    00000084     ST7735.o (.text._Z17ST7735_DrawStringttPcs)
                  000010cc    00000080     UART2.o (.text.UART2_IRQHandler)
                  0000114c    0000007c     LaunchPad.o (.text._Z14LaunchPad_Initv)
                  000011c8    0000007c     libc.a : fclose.c.obj (.text.__TI_closefile)
                  00001244    0000007c            : copy_decompress_lzss.c.obj (.text:decompress:lzss)
                  000012c0    00000070     ST7735.o (.text._Z16ST7735_DrawPixelsst)
                  00001330    0000006c     libsysbm.a : hostlseek.c.obj (.text.HOSTlseek)
                  0000139c    0000006c                : hostrename.c.obj (.text.HOSTrename)
                  00001408    0000006c     libc.a : getdevice.c.obj (.text.getdevice)
                  00001474    00000064            : memory.c.obj (.text.split)
                  000014d8    00000060     libsysbm.a : hostopen.c.obj (.text.HOSTopen)
                  00001538    00000058                : hostread.c.obj (.text.HOSTread)
                  00001590    00000058                : hostwrite.c.obj (.text.HOSTwrite)
                  000015e8    00000054     libc.a : autoinit.c.obj (.text:__TI_auto_init_nobinit)
                  0000163c    00000052            : fflush.c.obj (.text.__TI_doflush)
                  0000168e    00000050     FIFO2.o (.text._ZN5Queue3GetEPc)
                  000016de    00000050     FIFO2.o (.text._ZN5Queue3PutEc)
                  0000172e    00000002     libc.a : _lock.c.obj (.text._nop)
                  00001730    00000050     libsysbm.a : close.c.obj (.text.close)
                  00001780    00000048                : hostclose.c.obj (.text.HOSTclose)
                  000017c8    00000048                : hostunlink.c.obj (.text.HOSTunlink)
                  00001810    00000048     SPI.o (.text._Z14SPI_OutCommandc)
                  00001858    00000040     SPI.o (.text._Z9SPI_Resetv)
                  00001898    00000040     libclang_rt.builtins.a : aeabi_uidivmod.S.obj (.text.__aeabi_uidivmod)
                  000018d8    00000040     libc.a : fopen.c.obj (.text._search_fp)
                  00001918    0000003c     Lab8HMain.o (.text.main)
                  00001954    00000038     SPI.o (.text._Z11SPI_OutDatac)
                  0000198c    00000038     LaunchPad.o (.text._Z15ActivatePortA_Bv)
                  000019c4    00000034     ST7735.o (.text._Z12ST7735_writeiPKcj)
                  000019f8    00000034     Clock.o (.text._Z14Clock_Delay1msj)
                  00001a2c    00000034     ST7735.o (.text._Z16ST7735_SetCursorjj)
                  00001a60    00000034     libc.a : fopen.c.obj (.text.__TI_cleanup)
                  00001a94    00000034     libsysbm.a : trgmsg.c.obj (.text.__TI_readmsg)
                  00001ac8    00000034                : trgmsg.c.obj (.text.__TI_writemsg)
                  00001afc    00000034     libc.a : exit.c.obj (.text.exit)
                  00001b30    00000034            : getdevice.c.obj (.text.finddevice)
                  00001b64    00000034            : fopen.c.obj (.text.freopen)
                  00001b98    00000030     UART2.o (.text._Z12UART2_InCharv)
                  00001bc8    00000030     ST7735.o (.text._ZL10commonInitPKh)
                  00001bf8    00000030     libc.a : fopen.c.obj (.text.fopen)
                  00001c28    0000002c     ST7735.o (.text._Z17ST7735_FillScreent)
                  00001c54    0000002c     libsysbm.a : unlink.c.obj (.text.unlink)
                  00001c80    00000028     Lab8HMain.o (.text.TIMG12_IRQHandler)
                  00001ca8    00000028     libc.a : memory.c.obj (.text.free_list_insert)
                  00001cd0    00000028     libsysbm.a : write.c.obj (.text.write)
                  00001cf8    00000028     libc.a : boot_cortex_m.c.obj (.text:_c_int00_noargs)
                  00001d20    00000026     FIFO2.o (.text._ZN5Queue6IsFullEv)
                  00001d46    00000026     FIFO2.o (.text._ZN5Queue7IsEmptyEv)
                  00001d6c    0000001e     ST7735.o (.text._ZL9pushColort)
                  00001d8a    00000002     --HOLE-- [fill = 0]
                  00001d8c    0000001c     startup_mspm0g3507_ticlang.o (.text.Default_Handler)
                  00001da8    0000001c     startup_mspm0g3507_ticlang.o (.text.HardFault_Handler)
                  00001dc4    0000001c     libc.a : memory.c.obj (.text.free_list_remove)
                  00001de0    00000018     Lab8HMain.o (.text.__cxx_global_var_init)
                  00001df8    00000016     ST7735.o (.text._Z11ST7735_openPKcji)
                  00001e0e    00000016     ST7735.o (.text._Z11ST7735_readiPcj)
                  00001e24    00000016     libc.a : copy_zero_init.c.obj (.text:decompress:ZI:__TI_zero_init_nomemset)
                  00001e3a    00000012     FIFO2.o (.text._ZN5QueueC2Ev)
                  00001e4c    00000012     libc.a : memcpy16.S.obj (.text:TI_memcpy_small)
                  00001e5e    00000012            : copy_decompress_none.c.obj (.text:decompress:none)
                  00001e70    00000010     Clock.o (.text._Z11Clock_Delayj)
                  00001e80    00000010     Lab8HMain.o (.text.__cxx_global_var_init.1)
                  00001e90    00000010     UART2.o (.text.__cxx_global_var_init)
                  00001ea0    0000000e     libc.a : memory.c.obj (.text.OUTLINED_FUNCTION_0)
                  00001eae    0000000e     ST7735.o (.text._Z12ST7735_lseekili)
                  00001ebc    0000000e     SlidePot.o (.text._ZN8SlidePotC2Ejj)
                  00001eca    0000000e     libsysbm.a : hostrename.c.obj (.text.strcpy)
                  00001ed8    0000000e                : hostrename.c.obj (.text.strlen)
                  00001ee6    0000000e     libc.a : memset16.S.obj (.text:TI_memset_small)
                  00001ef4    0000000c     Lab8HMain.o (.text._GLOBAL__sub_I_Lab8HMain.cpp)
                  00001f00    0000000c     Clock.o (.text._Z10Clock_Freqv)
                  00001f0c    0000000c     ST7735.o (.text._Z13ST7735_renamePKcS0_)
                  00001f18    0000000c     libclang_rt.builtins.a : aeabi_memset.S.obj (.text.__aeabi_memclr)
                  00001f24    0000000c     libc.a : memory.c.obj (.text.malloc)
                  00001f30    0000000a     ST7735.o (.text._Z12ST7735_closei)
                  00001f3a    0000000a     ST7735.o (.text._Z13ST7735_unlinkPKc)
                  00001f44    0000000a     Lab8HMain.o (.text._Z8PLL_Initv)
                  00001f4e    00000008     UART2.o (.text._GLOBAL__sub_I_UART2.cpp)
                  00001f56    00000002     --HOLE-- [fill = 0]
                  00001f58    00000008     libclang_rt.builtins.a : aeabi_memcpy.S.obj (.text.__aeabi_memcpy)
                  00001f60    00000008     libsysbm.a : remove.c.obj (.text.remove)
                  00001f68    00000004     startup_mspm0g3507_ticlang.o (.text.Reset_Handler)
                  00001f6c    00000004     libc.a : exit.c.obj (.text:abort)

.cinit     0    00002528    00000098     
                  00002528    0000006e     (.cinit..data.load) [load image, compression = lzss]
                  00002596    00000002     --HOLE-- [fill = 0]
                  00002598    0000000c     (__TI_handler_table)
                  000025a4    00000008     (.cinit..bss.load) [load image, compression = zero_init]
                  000025ac    00000010     (__TI_cinit_table)
                  000025bc    00000004     --HOLE-- [fill = 0]

.rodata    0    00001f70    000005b0     
                  00001f70    000004fb     ST7735.o (.rodata._ZL4Font)
                  0000246b    0000003b     ST7735.o (.rodata._ZL5Rcmd1)
                  000024a6    0000002b     ST7735.o (.rodata._ZL5Rcmd3)
                  000024d1    00000016     ST7735.o (.rodata.str1.47214488692778699501)
                  000024e7    0000000d     ST7735.o (.rodata._ZL10Rcmd2green)
                  000024f4    0000000d     ST7735.o (.rodata._ZL8Rcmd2red)
                  00002501    00000008     ST7735.o (.rodata.str1.98162053167563437651)
                  00002509    00000007     ST7735.o (.rodata.str1.151020983202519140211)
                  00002510    00000007     ST7735.o (.rodata.str1.88491121655604263521)
                  00002517    00000002     ST7735.o (.rodata.str1.132518664700357732151)
                  00002519    00000007     --HOLE-- [fill = 0]

.init_array 
*          0    00002520    00000008     
                  00002520    00000004     UART2.o (.init_array)
                  00002524    00000004     Lab8HMain.o (.init_array)

.data      0    20200000    00000259     UNINITIALIZED
                  20200000    000000f0     libc.a : defs.c.obj (.data._ftable)
                  202000f0    00000078     libsysbm.a : host_device.c.obj (.data._device)
                  20200168    00000050                : host_device.c.obj (.data._stream)
                  202001b8    0000002c     UART2.o (.data.FIFO2)
                  202001e4    0000002c     Lab8HMain.o (.data.FIFO)
                  20200210    00000014     Lab8HMain.o (.data.Sensor)
                  20200224    00000008     libc.a : exit.c.obj (.data..L_MergedGlobals)
                  2020022c    00000004     Clock.o (.data.BusFreq)
                  20200230    00000004     UART2.o (.data.RxCounter)
                  20200234    00000004     ST7735.o (.data.StX)
                  20200238    00000004     ST7735.o (.data.StY)
                  2020023c    00000004     libc.a : defs.c.obj (.data.__TI_ft_end)
                  20200240    00000004            : _lock.c.obj (.data._lock)
                  20200244    00000004            : _lock.c.obj (.data._unlock)
                  20200248    00000002     ST7735.o (.data.StTextColor)
                  2020024a    00000002     ST7735.o (.data._ZL6_width)
                  2020024c    00000002     ST7735.o (.data._ZL7_height)
                  2020024e    00000002     --HOLE--
                  20200250    00000001     libsysbm.a : add_device.c.obj (.data.add_device.device_init)
                  20200251    00000003     --HOLE--
                  20200254    00000001     libc.a : memory.c.obj (.data.memory_is_initialized)
                  20200255    00000003     --HOLE--
                  20200258    00000001     libsysbm.a : open.c.obj (.data.open.stream_init)

.sysmem    0    20200260    00000200     UNINITIALIZED
                  20200260    00000010     libc.a : memory.c.obj (.sysmem)
                  20200270    000001f0     --HOLE--

.bss       0    20200460    000001d4     UNINITIALIZED
                  20200460    00000120     libsysbm.a : trgmsg.c.obj (.bss:_CIOBUF_)
                  20200580    000000a0     libc.a : defs.c.obj (.bss.__TI_tmpnams)
                  20200620    00000008     libsysbm.a : hostopen.c.obj (.bss.parmbuf)
                  20200628    00000004     UART2.o (.bss.LostData)
                  2020062c    00000004     libc.a : memory.c.obj (.bss.sys_free)
                  20200630    00000001     ST7735.o (.bss._ZL8ColStart)
                  20200631    00000001     ST7735.o (.bss._ZL8RowStart)
                  20200632    00000001     ST7735.o (.bss._ZL8TabColor)
                  20200633    00000001     Lab8HMain.o (.bss.data1)

.stack     0    20207e00    00000200     UNINITIALIZED
                  20207e00    00000004     libc.a : boot_cortex_m.c.obj (.stack)
                  20207e04    000001fc     --HOLE--

__llvm_prf_cnts 
*          0    20200000    00000000     UNINITIALIZED

__llvm_prf_bits 
*          0    20200000    00000000     UNINITIALIZED

MODULE SUMMARY

       Module                         code   ro data   rw data
       ------                         ----   -------   -------
    ./
       ST7735.o                       2070   1449      17     
       Clock.o                        516    0         4      
       SPI.o                          440    0         0      
       UART2.o                        372    4         52     
       FIFO2.o                        254    0         0      
       Lab8HMain.o                    162    4         65     
       LaunchPad.o                    180    0         0      
       SlidePot.o                     14     0         0      
    +--+------------------------------+------+---------+---------+
       Total:                         4008   1457      138    
                                                              
    ./ticlang/
       startup_mspm0g3507_ticlang.o   60     192       0      
    +--+------------------------------+------+---------+---------+
       Total:                         60     192       0      
                                                              
    /Applications/ti/ccs2000/ccs/tools/compiler/ti-cgt-armllvm_4.0.1.LTS/lib/armv6m-ti-none-eabi/c/libc.a
       memory.c.obj                   702    0         5      
       fopen.c.obj                    556    0         0      
       defs.c.obj                     0      0         404    
       setvbuf.c.obj                  224    0         0      
       getdevice.c.obj                160    0         0      
       strcmp-armv6m.S.obj            136    0         0      
       copy_decompress_lzss.c.obj     124    0         0      
       fclose.c.obj                   124    0         0      
       autoinit.c.obj                 84     0         0      
       fflush.c.obj                   82     0         0      
       exit.c.obj                     56     0         8      
       boot_cortex_m.c.obj            40     0         0      
       copy_zero_init.c.obj           22     0         0      
       copy_decompress_none.c.obj     18     0         0      
       memcpy16.S.obj                 18     0         0      
       memset16.S.obj                 14     0         0      
       _lock.c.obj                    2      0         8      
       pre_init.c.obj                 4      0         0      
    +--+------------------------------+------+---------+---------+
       Total:                         2366   0         425    
                                                              
    /Applications/ti/ccs2000/ccs/tools/compiler/ti-cgt-armllvm_4.0.1.LTS/lib/armv6m-ti-none-eabi/c/libsysbm.a
       trgmsg.c.obj                   104    0         288    
       add_device.c.obj               236    0         1      
       host_device.c.obj              0      0         200    
       open.c.obj                     160    0         1      
       hostrename.c.obj               136    0         0      
       hostlseek.c.obj                108    0         0      
       hostopen.c.obj                 96     0         8      
       hostread.c.obj                 88     0         0      
       hostwrite.c.obj                88     0         0      
       close.c.obj                    80     0         0      
       hostclose.c.obj                72     0         0      
       hostunlink.c.obj               72     0         0      
       unlink.c.obj                   44     0         0      
       write.c.obj                    40     0         0      
       remove.c.obj                   8      0         0      
    +--+------------------------------+------+---------+---------+
       Total:                         1332   0         498    
                                                              
    /Applications/ti/ccs2000/ccs/tools/compiler/ti-cgt-armllvm_4.0.1.LTS/lib/armv6m-ti-none-eabi/libclang_rt.builtins.a
       aeabi_uidivmod.S.obj           64     0         0      
       aeabi_memset.S.obj             12     0         0      
       aeabi_memcpy.S.obj             8      0         0      
       aeabi_div0.c.obj               2      0         0      
    +--+------------------------------+------+---------+---------+
       Total:                         86     0         0      
                                                              
       Heap:                          0      0         512    
       Stack:                         0      0         512    
       Linker Generated:              0      146       0      
    +--+------------------------------+------+---------+---------+
       Grand Total:                   7852   1795      2085   


LINKER GENERATED COPY TABLES

__TI_cinit_table @ 000025ac records: 2, size/record: 8, table size: 16
	.data: load addr=00002528, load size=0000006e bytes, run addr=20200000, run size=00000259 bytes, compression=lzss
	.bss: load addr=000025a4, load size=00000008 bytes, run addr=20200460, run size=000001d4 bytes, compression=zero_init


LINKER GENERATED HANDLER TABLE

__TI_handler_table @ 00002598 records: 3, size/record: 4, table size: 12
	index: 0, handler: __TI_decompress_lzss
	index: 1, handler: __TI_decompress_none
	index: 2, handler: __TI_zero_init


GLOBAL SYMBOLS: SORTED ALPHABETICALLY BY Name 

address   name                        
-------   ----                        
00001d8d  ADC0_IRQHandler             
00001d8d  ADC1_IRQHandler             
00001d8d  AES_IRQHandler              
2020022c  BusFreq                     
00001f6c  C$$EXIT                     
00001af5  C$$IO$$                     
00001d8d  CANFD0_IRQHandler           
00001d8d  DAC0_IRQHandler             
00001d8d  DMA_IRQHandler              
00001d8d  Default_Handler             
202001e4  FIFO                        
202001b8  FIFO2                       
00001d8d  GROUP0_IRQHandler           
00001d8d  GROUP1_IRQHandler           
00001781  HOSTclose                   
00001331  HOSTlseek                   
000014d9  HOSTopen                    
00001539  HOSTread                    
0000139d  HOSTrename                  
000017c9  HOSTunlink                  
00001591  HOSTwrite                   
00001da9  HardFault_Handler           
00001d8d  I2C0_IRQHandler             
00001d8d  I2C1_IRQHandler             
20200628  LostData                    
00001d8d  NMI_Handler                 
00001d8d  PendSV_Handler              
00001d8d  RTC_IRQHandler              
00001f69  Reset_Handler               
20200230  RxCounter                   
00002520  SHT$$INIT_ARRAY$$Base       
00002528  SHT$$INIT_ARRAY$$Limit      
00001d8d  SPI0_IRQHandler             
00001d8d  SPI1_IRQHandler             
00001d8d  SVC_Handler                 
20200210  Sensor                      
20200248  StTextColor                 
20200234  StX                         
20200238  StY                         
00001d8d  SysTick_Handler             
00001d8d  TIMA0_IRQHandler            
00001d8d  TIMA1_IRQHandler            
00001d8d  TIMG0_IRQHandler            
00001c81  TIMG12_IRQHandler           
00001d8d  TIMG6_IRQHandler            
00001d8d  TIMG7_IRQHandler            
00001d8d  TIMG8_IRQHandler            
00001e4d  TI_memcpy_small             
00001ee7  TI_memset_small             
00001d8d  UART0_IRQHandler            
00001d8d  UART1_IRQHandler            
000010cd  UART2_IRQHandler            
00001d8d  UART3_IRQHandler            
20200460  _CIOBUF_                    
00001f01  _Z10Clock_Freqv             
00000c11  _Z10UART2_Initv             
00001e71  _Z11Clock_Delayj            
00001955  _Z11SPI_OutDatac            
00001df9  _Z11ST7735_openPKcji        
00001e0f  _Z11ST7735_readiPcj         
00000e9d  _Z12ST7735_InitR10initRFlags
00001f31  _Z12ST7735_closei           
00001eaf  _Z12ST7735_lseekili         
000019c5  _Z12ST7735_writeiPKcj       
00001b99  _Z12UART2_InCharv           
00001f0d  _Z13ST7735_renamePKcS0_     
00001f3b  _Z13ST7735_unlinkPKc        
000019f9  _Z14Clock_Delay1msj         
0000114d  _Z14LaunchPad_Initv         
00001811  _Z14SPI_OutCommandc         
00000b41  _Z14ST7735_OutCharc         
0000198d  _Z15ActivatePortA_Bv        
000000c1  _Z15Clock_Init80MHzi        
00000569  _Z15ST7735_FillRectsssst    
00000275  _Z16ST7735_DrawCharSsscssh  
000012c1  _Z16ST7735_DrawPixelsst     
00001a2d  _Z16ST7735_SetCursorjj      
00001049  _Z17ST7735_DrawStringttPcs  
00001c29  _Z17ST7735_FillScreent      
00000e01  _Z17ST7735_InitPrintfv      
00001f45  _Z8PLL_Initv                
00000795  _Z8SPI_Initv                
00001859  _Z9SPI_Resetv               
0000168f  _ZN5Queue3GetEPc            
000016df  _ZN5Queue3PutEc             
00001d21  _ZN5Queue6IsFullEv          
00001d47  _ZN5Queue7IsEmptyEv         
00001e3b  _ZN5QueueC1Ev               
00001e3b  _ZN5QueueC2Ev               
00001ebd  _ZN8SlidePotC1Ejj           
00001ebd  _ZN8SlidePotC2Ejj           
20200460  __CIOBUF_                   
20208000  __STACK_END                 
00000200  __STACK_SIZE                
00000200  __SYSMEM_SIZE               
00000000  __TI_ATRegion0_region_sz    
00000000  __TI_ATRegion0_src_addr     
00000000  __TI_ATRegion0_trg_addr     
00000000  __TI_ATRegion1_region_sz    
00000000  __TI_ATRegion1_src_addr     
00000000  __TI_ATRegion1_trg_addr     
00000000  __TI_ATRegion2_region_sz    
00000000  __TI_ATRegion2_src_addr     
00000000  __TI_ATRegion2_trg_addr     
000025ac  __TI_CINIT_Base             
000025bc  __TI_CINIT_Limit            
000025bc  __TI_CINIT_Warm             
00002598  __TI_Handler_Table_Base     
000025a4  __TI_Handler_Table_Limit    
000015e9  __TI_auto_init_nobinit      
00001a61  __TI_cleanup                
20200224  __TI_cleanup_ptr            
000011c9  __TI_closefile              
00001245  __TI_decompress_lzss        
00001e5f  __TI_decompress_none        
0000163d  __TI_doflush                
20200228  __TI_dtors_ptr              
2020023c  __TI_ft_end                 
ffffffff  __TI_pprof_out_hndl         
ffffffff  __TI_prof_data_size         
ffffffff  __TI_prof_data_start        
00001a95  __TI_readmsg                
00000000  __TI_static_base__          
20200580  __TI_tmpnams                
00001ac9  __TI_writemsg               
00001e25  __TI_zero_init_nomemset     
00000d5f  __aeabi_idiv0               
00001f19  __aeabi_memclr              
00001f19  __aeabi_memclr4             
00001f19  __aeabi_memclr8             
00001f59  __aeabi_memcpy              
00001f59  __aeabi_memcpy4             
00001f59  __aeabi_memcpy8             
00001899  __aeabi_uidiv               
00001899  __aeabi_uidivmod            
ffffffff  __binit__                   
UNDEFED   __mpu_init                  
20207e00  __stack                     
20200000  __start___llvm_prf_bits     
20200000  __start___llvm_prf_cnts     
20200000  __stop___llvm_prf_bits      
20200000  __stop___llvm_prf_cnts      
00001cf9  _c_int00_noargs             
202000f0  _device                     
20200000  _ftable                     
20200240  _lock                       
0000172f  _nop                        
20200168  _stream                     
20200260  _sys_memory                 
UNDEFED   _system_post_cinit          
00000fbd  _system_pre_init            
20200244  _unlock                     
00001f6d  abort                       
0000088d  add_device                  
00000681  aligned_alloc               
ffffffff  binit                       
00001731  close                       
20200633  data1                       
00001afd  exit                        
00001b31  finddevice                  
00001bf9  fopen                       
00000979  free                        
00001b65  freopen                     
00001409  getdevice                   
00000000  interruptVectors            
00001919  main                        
00001f25  malloc                      
00000681  memalign                    
00000d61  open                        
20200620  parmbuf                     
00001f61  remove                      
00000a61  setvbuf                     
00000fc1  strcmp                      
00001c55  unlink                      
00001cd1  write                       


GLOBAL SYMBOLS: SORTED BY Symbol Address 

address   name                        
-------   ----                        
00000000  __TI_ATRegion0_region_sz    
00000000  __TI_ATRegion0_src_addr     
00000000  __TI_ATRegion0_trg_addr     
00000000  __TI_ATRegion1_region_sz    
00000000  __TI_ATRegion1_src_addr     
00000000  __TI_ATRegion1_trg_addr     
00000000  __TI_ATRegion2_region_sz    
00000000  __TI_ATRegion2_src_addr     
00000000  __TI_ATRegion2_trg_addr     
00000000  __TI_static_base__          
00000000  interruptVectors            
000000c1  _Z15Clock_Init80MHzi        
00000200  __STACK_SIZE                
00000200  __SYSMEM_SIZE               
00000275  _Z16ST7735_DrawCharSsscssh  
00000569  _Z15ST7735_FillRectsssst    
00000681  aligned_alloc               
00000681  memalign                    
00000795  _Z8SPI_Initv                
0000088d  add_device                  
00000979  free                        
00000a61  setvbuf                     
00000b41  _Z14ST7735_OutCharc         
00000c11  _Z10UART2_Initv             
00000d5f  __aeabi_idiv0               
00000d61  open                        
00000e01  _Z17ST7735_InitPrintfv      
00000e9d  _Z12ST7735_InitR10initRFlags
00000fbd  _system_pre_init            
00000fc1  strcmp                      
00001049  _Z17ST7735_DrawStringttPcs  
000010cd  UART2_IRQHandler            
0000114d  _Z14LaunchPad_Initv         
000011c9  __TI_closefile              
00001245  __TI_decompress_lzss        
000012c1  _Z16ST7735_DrawPixelsst     
00001331  HOSTlseek                   
0000139d  HOSTrename                  
00001409  getdevice                   
000014d9  HOSTopen                    
00001539  HOSTread                    
00001591  HOSTwrite                   
000015e9  __TI_auto_init_nobinit      
0000163d  __TI_doflush                
0000168f  _ZN5Queue3GetEPc            
000016df  _ZN5Queue3PutEc             
0000172f  _nop                        
00001731  close                       
00001781  HOSTclose                   
000017c9  HOSTunlink                  
00001811  _Z14SPI_OutCommandc         
00001859  _Z9SPI_Resetv               
00001899  __aeabi_uidiv               
00001899  __aeabi_uidivmod            
00001919  main                        
00001955  _Z11SPI_OutDatac            
0000198d  _Z15ActivatePortA_Bv        
000019c5  _Z12ST7735_writeiPKcj       
000019f9  _Z14Clock_Delay1msj         
00001a2d  _Z16ST7735_SetCursorjj      
00001a61  __TI_cleanup                
00001a95  __TI_readmsg                
00001ac9  __TI_writemsg               
00001af5  C$$IO$$                     
00001afd  exit                        
00001b31  finddevice                  
00001b65  freopen                     
00001b99  _Z12UART2_InCharv           
00001bf9  fopen                       
00001c29  _Z17ST7735_FillScreent      
00001c55  unlink                      
00001c81  TIMG12_IRQHandler           
00001cd1  write                       
00001cf9  _c_int00_noargs             
00001d21  _ZN5Queue6IsFullEv          
00001d47  _ZN5Queue7IsEmptyEv         
00001d8d  ADC0_IRQHandler             
00001d8d  ADC1_IRQHandler             
00001d8d  AES_IRQHandler              
00001d8d  CANFD0_IRQHandler           
00001d8d  DAC0_IRQHandler             
00001d8d  DMA_IRQHandler              
00001d8d  Default_Handler             
00001d8d  GROUP0_IRQHandler           
00001d8d  GROUP1_IRQHandler           
00001d8d  I2C0_IRQHandler             
00001d8d  I2C1_IRQHandler             
00001d8d  NMI_Handler                 
00001d8d  PendSV_Handler              
00001d8d  RTC_IRQHandler              
00001d8d  SPI0_IRQHandler             
00001d8d  SPI1_IRQHandler             
00001d8d  SVC_Handler                 
00001d8d  SysTick_Handler             
00001d8d  TIMA0_IRQHandler            
00001d8d  TIMA1_IRQHandler            
00001d8d  TIMG0_IRQHandler            
00001d8d  TIMG6_IRQHandler            
00001d8d  TIMG7_IRQHandler            
00001d8d  TIMG8_IRQHandler            
00001d8d  UART0_IRQHandler            
00001d8d  UART1_IRQHandler            
00001d8d  UART3_IRQHandler            
00001da9  HardFault_Handler           
00001df9  _Z11ST7735_openPKcji        
00001e0f  _Z11ST7735_readiPcj         
00001e25  __TI_zero_init_nomemset     
00001e3b  _ZN5QueueC1Ev               
00001e3b  _ZN5QueueC2Ev               
00001e4d  TI_memcpy_small             
00001e5f  __TI_decompress_none        
00001e71  _Z11Clock_Delayj            
00001eaf  _Z12ST7735_lseekili         
00001ebd  _ZN8SlidePotC1Ejj           
00001ebd  _ZN8SlidePotC2Ejj           
00001ee7  TI_memset_small             
00001f01  _Z10Clock_Freqv             
00001f0d  _Z13ST7735_renamePKcS0_     
00001f19  __aeabi_memclr              
00001f19  __aeabi_memclr4             
00001f19  __aeabi_memclr8             
00001f25  malloc                      
00001f31  _Z12ST7735_closei           
00001f3b  _Z13ST7735_unlinkPKc        
00001f45  _Z8PLL_Initv                
00001f59  __aeabi_memcpy              
00001f59  __aeabi_memcpy4             
00001f59  __aeabi_memcpy8             
00001f61  remove                      
00001f69  Reset_Handler               
00001f6c  C$$EXIT                     
00001f6d  abort                       
00002520  SHT$$INIT_ARRAY$$Base       
00002528  SHT$$INIT_ARRAY$$Limit      
00002598  __TI_Handler_Table_Base     
000025a4  __TI_Handler_Table_Limit    
000025ac  __TI_CINIT_Base             
000025bc  __TI_CINIT_Limit            
000025bc  __TI_CINIT_Warm             
20200000  __start___llvm_prf_bits     
20200000  __start___llvm_prf_cnts     
20200000  __stop___llvm_prf_bits      
20200000  __stop___llvm_prf_cnts      
20200000  _ftable                     
202000f0  _device                     
20200168  _stream                     
202001b8  FIFO2                       
202001e4  FIFO                        
20200210  Sensor                      
20200224  __TI_cleanup_ptr            
20200228  __TI_dtors_ptr              
2020022c  BusFreq                     
20200230  RxCounter                   
20200234  StX                         
20200238  StY                         
2020023c  __TI_ft_end                 
20200240  _lock                       
20200244  _unlock                     
20200248  StTextColor                 
20200260  _sys_memory                 
20200460  _CIOBUF_                    
20200460  __CIOBUF_                   
20200580  __TI_tmpnams                
20200620  parmbuf                     
20200628  LostData                    
20200633  data1                       
20207e00  __stack                     
20208000  __STACK_END                 
ffffffff  __TI_pprof_out_hndl         
ffffffff  __TI_prof_data_size         
ffffffff  __TI_prof_data_start        
ffffffff  __binit__                   
ffffffff  binit                       
UNDEFED   __mpu_init                  
UNDEFED   _system_post_cinit          

[175 symbols]
