******************************************************************************
            TI ARM Clang Linker Unix v4.0.1                    
******************************************************************************
>> Linked Mon Feb 10 23:21:05 2025

OUTPUT FILE NAME:   <ECE319K_Lab2H.out>
ENTRY POINT SYMBOL: "_c_int00_noargs"  address: 0000197d


MEMORY CONFIGURATION

         name            origin    length      used     unused   attr    fill
----------------------  --------  ---------  --------  --------  ----  --------
  FLASH                 00000000   00020000  00001f50  0001e0b0  R  X
  SRAM                  20200000   00008000  000005e5  00007a1b  RW X
  BCR_CONFIG            41c00000   00000080  00000000  00000080  R   
  BSL_CONFIG            41c00100   00000080  00000000  00000080  R   


SEGMENT ALLOCATION MAP

run origin  load origin   length   init length attrs members
----------  ----------- ---------- ----------- ----- -------
00000000    00000000    00001f50   00001f50    r-x
  00000000    00000000    000000c0   000000c0    r-- .intvecs
  000000c0    000000c0    000019f0   000019f0    r-x .text
  00001ab0    00001ab0    00000470   00000470    r-- .rodata
  00001f20    00001f20    00000030   00000030    r-- .cinit
20200000    20200000    000003e8   00000000    rw-
  20200000    20200000    00000200   00000000    rw- .sysmem
  20200200    20200200    000001d1   00000000    rw- .bss
  202003d4    202003d4    00000014   00000000    rw- .data
20207e00    20207e00    00000200   00000000    rw-
  20207e00    20207e00    00000200   00000000    rw- .stack


SECTION ALLOCATION MAP

 output                                  attributes/
section   page    origin      length       input sections
--------  ----  ----------  ----------   ----------------
.intvecs   0    00000000    000000c0     
                  00000000    000000c0     startup_mspm0g3507_ticlang.o (.intvecs)

.text      0    000000c0    000019f0     
                  000000c0    0000033c     ECE319K_Lab2H.o (.text)
                  000003fc    000002fc     ECE319K_Lab2Hmain.o (.text.TIMG0_IRQHandler)
                  000006f8    000001b4     Clock.o (.text.Clock_Init80MHz)
                  000008ac    0000017c     Dump.o (.text.Debug_Duty)
                  00000a28    00000158     ECE319K_Lab2Hmain.o (.text.Lab2Grader)
                  00000b80    00000134     ECE319K_Lab2Hmain.o (.text.ADC_Init)
                  00000cb4    0000010c     libclang_rt.builtins.a : divdf3.S.obj (.text.__divdf3)
                  00000dc0    000000e8     Dump.o (.text.Debug_Period)
                  00000ea8    000000e8     UARTbusywait.o (.text.UART_Init)
                  00000f90    000000e4     libclang_rt.builtins.a : muldf3.S.obj (.text.__muldf3)
                  00001074    000000e4     ECE319K_Lab2Hmain.o (.text.main)
                  00001158    000000a8     Timer.o (.text.TimerG7_IntArm)
                  00001200    000000a4     ECE319K_Lab2Hmain.o (.text.CheckInit)
                  000012a4    000000a4     Timer.o (.text.TimerG0_IntArm)
                  00001348    00000008     libclang_rt.builtins.a : aeabi_memcpy.S.obj (.text.__aeabi_memcpy)
                  00001350    00000088     libc.a : strcmp-armv6m.S.obj (.text:strcmp)
                  000013d8    0000007c     LaunchPad.o (.text.LaunchPad_Init)
                  00001454    0000007c     libc.a : copy_decompress_lzss.c.obj (.text:decompress:lzss)
                  000014d0    00000064     Dump.o (.text.Dump)
                  00001534    00000060     Timer.o (.text.TimerG12_Init)
                  00001594    0000005c     ECE319K_Lab2Hmain.o (.text.TIMG7_IRQHandler)
                  000015f0    00000056     libclang_rt.builtins.a : aeabi_idivmod.S.obj (.text.__aeabi_idivmod)
                  00001646    00000002                            : aeabi_div0.c.obj (.text.__aeabi_idiv0)
                  00001648    00000050     Dump.o (.text.Debug_Dump)
                  00001698    0000004c     Dump.o (.text.Debug_Init)
                  000016e4    0000004a     libclang_rt.builtins.a : fixdfsi.S.obj (.text.__fixdfsi)
                  0000172e    00000002     --HOLE-- [fill = 0]
                  00001730    00000040                            : aeabi_uidivmod.S.obj (.text.__aeabi_uidivmod)
                  00001770    0000003c     ECE319K_Lab2Hmain.o (.text.ShowProblem)
                  000017ac    0000003c     libc.a : autoinit.c.obj (.text:__TI_auto_init_nobinit_nopinit)
                  000017e8    0000003a     libclang_rt.builtins.a : muldsi3.S.obj (.text.__muldsi3)
                  00001822    00000002     --HOLE-- [fill = 0]
                  00001824    00000038     LaunchPad.o (.text.ActivatePortA_B)
                  0000185c    00000036     UART.o (.text.UART_OutUDec)
                  00001892    00000002     --HOLE-- [fill = 0]
                  00001894    00000034     ECE319K_Lab2Hmain.o (.text.EndLab2)
                  000018c8    00000034     ECE319K_Lab2Hmain.o (.text.setUpper)
                  000018fc    0000002c     UARTbusywait.o (.text.UART_OutChar)
                  00001928    0000002c     libclang_rt.builtins.a : floatsidf.S.obj (.text.__floatsidf)
                  00001954    00000028     ECE319K_Lab2Hmain.o (.text.ADC_Start)
                  0000197c    00000028     libc.a : boot_cortex_m.c.obj (.text:_c_int00_noargs)
                  000019a4    00000026     UART.o (.text.UART_OutString)
                  000019ca    00000002     --HOLE-- [fill = 0]
                  000019cc    00000020     ECE319K_Lab2Hmain.o (.text.Random32)
                  000019ec    0000001c     startup_mspm0g3507_ticlang.o (.text.Default_Handler)
                  00001a08    0000001c     startup_mspm0g3507_ticlang.o (.text.HardFault_Handler)
                  00001a24    00000018     ECE319K_Lab2Hmain.o (.text.Random)
                  00001a3c    00000016     libc.a : copy_zero_init.c.obj (.text:decompress:ZI:__TI_zero_init_nomemset)
                  00001a52    00000012            : memcpy16.S.obj (.text:TI_memcpy_small)
                  00001a64    00000012            : copy_decompress_none.c.obj (.text:decompress:none)
                  00001a76    00000010     Clock.o (.text.Clock_Delay)
                  00001a86    00000010     LaunchPad.o (.text.Delay)
                  00001a96    00000002     --HOLE-- [fill = 0]
                  00001a98    0000000c     Clock.o (.text.Clock_Freq)
                  00001aa4    00000004     startup_mspm0g3507_ticlang.o (.text.Reset_Handler)
                  00001aa8    00000004     libc.a : pre_init.c.obj (.text._system_pre_init)
                  00001aac    00000004            : exit.c.obj (.text:abort)

.cinit     0    00001f20    00000030     
                  00001f20    0000000c     (__TI_handler_table)
                  00001f2c    0000000b     (.cinit..data.load) [load image, compression = lzss]
                  00001f37    00000001     --HOLE-- [fill = 0]
                  00001f38    00000008     (.cinit..bss.load) [load image, compression = zero_init]
                  00001f40    00000010     (__TI_cinit_table)

.rodata    0    00001ab0    00000470     
                  00001ab0    00000140     ECE319K_Lab2Hmain.o (.rodata.StartProblem)
                  00001bf0    000000f0     ECE319K_Lab2Hmain.o (.rodata.LEDProblem)
                  00001ce0    000000d0     ECE319K_Lab2Hmain.o (.rodata.Table)
                  00001db0    0000002d     ECE319K_Lab2Hmain.o (.rodata.str1.169577066232579836251)
                  00001ddd    00000024     ECE319K_Lab2Hmain.o (.rodata.str1.155703307697723648131)
                  00001e01    00000023     ECE319K_Lab2Hmain.o (.rodata.str1.162515654573159224661)
                  00001e24    00000022     ECE319K_Lab2Hmain.o (.rodata.str1.165502521614982684671)
                  00001e46    0000001f     ECE319K_Lab2Hmain.o (.rodata.str1.174930766036349337161)
                  00001e65    0000001c     ECE319K_Lab2Hmain.o (.rodata.str1.171016965458660467751)
                  00001e81    00000014     ECE319K_Lab2Hmain.o (.rodata.str1.163032562351843159361)
                  00001e95    00000003     --HOLE-- [fill = 0]
                  00001e98    00000010     ECE319K_Lab2Hmain.o (.rodata.InMux)
                  00001ea8    00000010     ECE319K_Lab2Hmain.o (.rodata.StartMask)
                  00001eb8    0000000e     ECE319K_Lab2Hmain.o (.rodata.str1.79262121804255714941)
                  00001ec6    0000000d     ECE319K_Lab2Hmain.o (.rodata.str1.108713378209419762111)
                  00001ed3    00000001     --HOLE-- [fill = 0]
                  00001ed4    0000000c     ECE319K_Lab2Hmain.o (.rodata.LEDMask)
                  00001ee0    0000000c     ECE319K_Lab2Hmain.o (.rodata.OutMux)
                  00001eec    0000000b     ECE319K_Lab2Hmain.o (.rodata.str1.166008713790688936721)
                  00001ef7    0000000b     ECE319K_Lab2Hmain.o (.rodata.str1.3800786842121539981)
                  00001f02    00000009     ECE319K_Lab2Hmain.o (.rodata.str1.150866421526066405821)
                  00001f0b    00000008     ECE319K_Lab2Hmain.o (.rodata.str1.116571622258967589991)
                  00001f13    00000007     ECE319K_Lab2Hmain.o (.rodata.str1.91545133318217054921)
                  00001f1a    00000004     ECE319K_Lab2Hmain.o (.rodata.str1.84480763434980169371)
                  00001f1e    00000002     --HOLE-- [fill = 0]

.init_array 
*          0    00000000    00000000     UNINITIALIZED

.binit     0    00000000    00000000     

.sysmem    0    20200000    00000200     UNINITIALIZED
                  20200000    00000010     libc.a : memory.c.obj (.sysmem)
                  20200010    000001f0     --HOLE--

.bss       0    20200200    000001d1     UNINITIALIZED
                  20200200    000000c8     (.common:DataBuffer)
                  202002c8    000000c8     (.common:TimeBuffer)
                  20200390    00000010     (.common:Wave)
                  202003a0    00000004     (.common:DebugCnt)
                  202003a4    00000004     (.common:FirstCount)
                  202003a8    00000004     (.common:M)
                  202003ac    00000004     (.common:Period)
                  202003b0    00000004     (.common:Phase)
                  202003b4    00000004     (.common:SizeofEID)
                  202003b8    00000004     (.common:StartCount)
                  202003bc    00000004     (.common:TExaSadc)
                  202003c0    00000004     (.common:Thedutycycle)
                  202003c4    00000004     (.common:Theperiod)
                  202003c8    00000004     (.common:WaveIndex)
                  202003cc    00000004     (.common:mode)
                  202003d0    00000001     (.common:Letter)

.data      0    202003d4    00000014     UNINITIALIZED
                  202003d4    00000004     Clock.o (.data.BusFreq)
                  202003d8    00000004     ECE319K_Lab2Hmain.o (.data.Mode0)
                  202003dc    00000004     ECE319K_Lab2Hmain.o (.data.Mode1)
                  202003e0    00000004     ECE319K_Lab2Hmain.o (.data.Score)
                  202003e4    00000004     ECE319K_Lab2Hmain.o (.data.Time)

.stack     0    20207e00    00000200     UNINITIALIZED
                  20207e00    00000004     libc.a : boot_cortex_m.c.obj (.stack)
                  20207e04    000001fc     --HOLE--

__llvm_prf_cnts 
*          0    20200000    00000000     UNINITIALIZED

__llvm_prf_bits 
*          0    20200000    00000000     UNINITIALIZED

MODULE SUMMARY

       Module                         code   ro data   rw data
       ------                         ----   -------   -------
    ./
       ECE319K_Lab2Hmain.o            2160   1130      69     
       Dump.o                         868    0         412    
       ECE319K_Lab2H.o                828    0         0      
       Clock.o                        464    0         4      
       Timer.o                        428    0         0      
       UARTbusywait.o                 276    0         0      
       LaunchPad.o                    196    0         0      
       UART.o                         92     0         0      
    +--+------------------------------+------+---------+---------+
       Total:                         5312   1130      485    
                                                              
    ./ticlang/
       startup_mspm0g3507_ticlang.o   60     192       0      
    +--+------------------------------+------+---------+---------+
       Total:                         60     192       0      
                                                              
    /Applications/ti/ccs2000/ccs/tools/compiler/ti-cgt-armllvm_4.0.1.LTS/lib/armv6m-ti-none-eabi/c/libc.a
       strcmp-armv6m.S.obj            136    0         0      
       copy_decompress_lzss.c.obj     124    0         0      
       autoinit.c.obj                 60     0         0      
       boot_cortex_m.c.obj            40     0         0      
       copy_zero_init.c.obj           22     0         0      
       copy_decompress_none.c.obj     18     0         0      
       memcpy16.S.obj                 18     0         0      
       exit.c.obj                     4      0         0      
       pre_init.c.obj                 4      0         0      
    +--+------------------------------+------+---------+---------+
       Total:                         426    0         0      
                                                              
    /Applications/ti/ccs2000/ccs/tools/compiler/ti-cgt-armllvm_4.0.1.LTS/lib/armv6m-ti-none-eabi/libclang_rt.builtins.a
       divdf3.S.obj                   268    0         0      
       muldf3.S.obj                   228    0         0      
       aeabi_idivmod.S.obj            86     0         0      
       fixdfsi.S.obj                  74     0         0      
       aeabi_uidivmod.S.obj           64     0         0      
       muldsi3.S.obj                  58     0         0      
       floatsidf.S.obj                44     0         0      
       aeabi_memcpy.S.obj             8      0         0      
       aeabi_div0.c.obj               2      0         0      
    +--+------------------------------+------+---------+---------+
       Total:                         832    0         0      
                                                              
       Heap:                          0      0         512    
       Stack:                         0      0         512    
       Linker Generated:              0      47        0      
    +--+------------------------------+------+---------+---------+
       Grand Total:                   6630   1369      1509   


LINKER GENERATED COPY TABLES

__TI_cinit_table @ 00001f40 records: 2, size/record: 8, table size: 16
	.data: load addr=00001f2c, load size=0000000b bytes, run addr=202003d4, run size=00000014 bytes, compression=lzss
	.bss: load addr=00001f38, load size=00000008 bytes, run addr=20200200, run size=000001d1 bytes, compression=zero_init


LINKER GENERATED HANDLER TABLE

__TI_handler_table @ 00001f20 records: 3, size/record: 4, table size: 12
	index: 0, handler: __TI_decompress_lzss
	index: 1, handler: __TI_decompress_none
	index: 2, handler: __TI_zero_init


GLOBAL SYMBOLS: SORTED ALPHABETICALLY BY Name 

address   name                          
-------   ----                          
000019ed  ADC0_IRQHandler               
000019ed  ADC1_IRQHandler               
00000b81  ADC_Init                      
00001955  ADC_Start                     
000019ed  AES_IRQHandler                
00001825  ActivatePortA_B               
202003d4  BusFreq                       
00001aac  C$$EXIT                       
000019ed  CANFD0_IRQHandler             
00001201  CheckInit                     
00001a77  Clock_Delay                   
00001a99  Clock_Freq                    
000006f9  Clock_Init80MHz               
000019ed  DAC0_IRQHandler               
000019ed  DMA_IRQHandler                
20200200  DataBuffer                    
202003a0  DebugCnt                      
00001649  Debug_Dump                    
000008ad  Debug_Duty                    
00001699  Debug_Init                    
00000dc1  Debug_Period                  
000019ed  Default_Handler               
00001a87  Delay                         
000014d1  Dump                          
000000c0  EID                           
00001895  EndLab2                       
202003a4  FirstCount                    
000019ed  GROUP0_IRQHandler             
000019ed  GROUP1_IRQHandler             
00001a09  HardFault_Handler             
000019ed  I2C0_IRQHandler               
000019ed  I2C1_IRQHandler               
00001e98  InMux                         
00001ed4  LEDMask                       
00001bf0  LEDProblem                    
000002d0  Lab2                          
00000a29  Lab2Grader                    
000013d9  LaunchPad_Init                
202003d0  Letter                        
202003a8  M                             
202003d8  Mode0                         
202003dc  Mode1                         
000019ed  NMI_Handler                   
00001ee0  OutMux                        
000019ed  PendSV_Handler                
202003ac  Period                        
202003b0  Phase                         
000019ed  RTC_IRQHandler                
00001a25  Random                        
000019cd  Random32                      
00001aa5  Reset_Handler                 
000019ed  SPI0_IRQHandler               
000019ed  SPI1_IRQHandler               
000019ed  SVC_Handler                   
202003e0  Score                         
00001771  ShowProblem                   
202003b4  SizeofEID                     
202003b8  StartCount                    
00001ea8  StartMask                     
00001ab0  StartProblem                  
000019ed  SysTick_Handler               
202003bc  TExaSadc                      
000019ed  TIMA0_IRQHandler              
000019ed  TIMA1_IRQHandler              
000003fd  TIMG0_IRQHandler              
000019ed  TIMG12_IRQHandler             
000019ed  TIMG6_IRQHandler              
00001595  TIMG7_IRQHandler              
000019ed  TIMG8_IRQHandler              
00001a53  TI_memcpy_small               
00001ce0  Table                         
202003c0  Thedutycycle                  
202003c4  Theperiod                     
202003e4  Time                          
202002c8  TimeBuffer                    
000012a5  TimerG0_IntArm                
00001535  TimerG12_Init                 
00001159  TimerG7_IntArm                
000019ed  UART0_IRQHandler              
000019ed  UART1_IRQHandler              
000019ed  UART2_IRQHandler              
000019ed  UART3_IRQHandler              
00000ea9  UART_Init                     
000018fd  UART_OutChar                  
000019a5  UART_OutString                
0000185d  UART_OutUDec                  
20200390  Wave                          
202003c8  WaveIndex                     
20208000  __STACK_END                   
00000200  __STACK_SIZE                  
00000200  __SYSMEM_SIZE                 
00000000  __TI_ATRegion0_region_sz      
00000000  __TI_ATRegion0_src_addr       
00000000  __TI_ATRegion0_trg_addr       
00000000  __TI_ATRegion1_region_sz      
00000000  __TI_ATRegion1_src_addr       
00000000  __TI_ATRegion1_trg_addr       
00000000  __TI_ATRegion2_region_sz      
00000000  __TI_ATRegion2_src_addr       
00000000  __TI_ATRegion2_trg_addr       
00001f40  __TI_CINIT_Base               
00001f50  __TI_CINIT_Limit              
00001f50  __TI_CINIT_Warm               
00001f20  __TI_Handler_Table_Base       
00001f2c  __TI_Handler_Table_Limit      
000017ad  __TI_auto_init_nobinit_nopinit
00001455  __TI_decompress_lzss          
00001a65  __TI_decompress_none          
ffffffff  __TI_pprof_out_hndl           
ffffffff  __TI_prof_data_size           
ffffffff  __TI_prof_data_start          
00000000  __TI_static_base__            
00001a3d  __TI_zero_init_nomemset       
000016e5  __aeabi_d2iz                  
00000cb5  __aeabi_ddiv                  
00000f91  __aeabi_dmul                  
00001929  __aeabi_i2d                   
000015f1  __aeabi_idiv                  
00001647  __aeabi_idiv0                 
000015f1  __aeabi_idivmod               
00001349  __aeabi_memcpy                
00001349  __aeabi_memcpy4               
00001349  __aeabi_memcpy8               
00001731  __aeabi_uidiv                 
00001731  __aeabi_uidivmod              
ffffffff  __binit__                     
00000cb5  __divdf3                      
000016e5  __fixdfsi                     
00001929  __floatsidf                   
UNDEFED   __mpu_init                    
00000f91  __muldf3                      
000017e9  __muldsi3                     
20207e00  __stack                       
20200000  __start___llvm_prf_bits       
20200000  __start___llvm_prf_cnts       
20200000  __stop___llvm_prf_bits        
20200000  __stop___llvm_prf_cnts        
0000197d  _c_int00_noargs               
20200000  _sys_memory                   
UNDEFED   _system_post_cinit            
00001aa9  _system_pre_init              
00001aad  abort                         
ffffffff  binit                         
00000000  interruptVectors              
00001075  main                          
202003cc  mode                          
000018c9  setUpper                      
00001351  strcmp                        


GLOBAL SYMBOLS: SORTED BY Symbol Address 

address   name                          
-------   ----                          
00000000  __TI_ATRegion0_region_sz      
00000000  __TI_ATRegion0_src_addr       
00000000  __TI_ATRegion0_trg_addr       
00000000  __TI_ATRegion1_region_sz      
00000000  __TI_ATRegion1_src_addr       
00000000  __TI_ATRegion1_trg_addr       
00000000  __TI_ATRegion2_region_sz      
00000000  __TI_ATRegion2_src_addr       
00000000  __TI_ATRegion2_trg_addr       
00000000  __TI_static_base__            
00000000  interruptVectors              
000000c0  EID                           
00000200  __STACK_SIZE                  
00000200  __SYSMEM_SIZE                 
000002d0  Lab2                          
000003fd  TIMG0_IRQHandler              
000006f9  Clock_Init80MHz               
000008ad  Debug_Duty                    
00000a29  Lab2Grader                    
00000b81  ADC_Init                      
00000cb5  __aeabi_ddiv                  
00000cb5  __divdf3                      
00000dc1  Debug_Period                  
00000ea9  UART_Init                     
00000f91  __aeabi_dmul                  
00000f91  __muldf3                      
00001075  main                          
00001159  TimerG7_IntArm                
00001201  CheckInit                     
000012a5  TimerG0_IntArm                
00001349  __aeabi_memcpy                
00001349  __aeabi_memcpy4               
00001349  __aeabi_memcpy8               
00001351  strcmp                        
000013d9  LaunchPad_Init                
00001455  __TI_decompress_lzss          
000014d1  Dump                          
00001535  TimerG12_Init                 
00001595  TIMG7_IRQHandler              
000015f1  __aeabi_idiv                  
000015f1  __aeabi_idivmod               
00001647  __aeabi_idiv0                 
00001649  Debug_Dump                    
00001699  Debug_Init                    
000016e5  __aeabi_d2iz                  
000016e5  __fixdfsi                     
00001731  __aeabi_uidiv                 
00001731  __aeabi_uidivmod              
00001771  ShowProblem                   
000017ad  __TI_auto_init_nobinit_nopinit
000017e9  __muldsi3                     
00001825  ActivatePortA_B               
0000185d  UART_OutUDec                  
00001895  EndLab2                       
000018c9  setUpper                      
000018fd  UART_OutChar                  
00001929  __aeabi_i2d                   
00001929  __floatsidf                   
00001955  ADC_Start                     
0000197d  _c_int00_noargs               
000019a5  UART_OutString                
000019cd  Random32                      
000019ed  ADC0_IRQHandler               
000019ed  ADC1_IRQHandler               
000019ed  AES_IRQHandler                
000019ed  CANFD0_IRQHandler             
000019ed  DAC0_IRQHandler               
000019ed  DMA_IRQHandler                
000019ed  Default_Handler               
000019ed  GROUP0_IRQHandler             
000019ed  GROUP1_IRQHandler             
000019ed  I2C0_IRQHandler               
000019ed  I2C1_IRQHandler               
000019ed  NMI_Handler                   
000019ed  PendSV_Handler                
000019ed  RTC_IRQHandler                
000019ed  SPI0_IRQHandler               
000019ed  SPI1_IRQHandler               
000019ed  SVC_Handler                   
000019ed  SysTick_Handler               
000019ed  TIMA0_IRQHandler              
000019ed  TIMA1_IRQHandler              
000019ed  TIMG12_IRQHandler             
000019ed  TIMG6_IRQHandler              
000019ed  TIMG8_IRQHandler              
000019ed  UART0_IRQHandler              
000019ed  UART1_IRQHandler              
000019ed  UART2_IRQHandler              
000019ed  UART3_IRQHandler              
00001a09  HardFault_Handler             
00001a25  Random                        
00001a3d  __TI_zero_init_nomemset       
00001a53  TI_memcpy_small               
00001a65  __TI_decompress_none          
00001a77  Clock_Delay                   
00001a87  Delay                         
00001a99  Clock_Freq                    
00001aa5  Reset_Handler                 
00001aa9  _system_pre_init              
00001aac  C$$EXIT                       
00001aad  abort                         
00001ab0  StartProblem                  
00001bf0  LEDProblem                    
00001ce0  Table                         
00001e98  InMux                         
00001ea8  StartMask                     
00001ed4  LEDMask                       
00001ee0  OutMux                        
00001f20  __TI_Handler_Table_Base       
00001f2c  __TI_Handler_Table_Limit      
00001f40  __TI_CINIT_Base               
00001f50  __TI_CINIT_Limit              
00001f50  __TI_CINIT_Warm               
20200000  __start___llvm_prf_bits       
20200000  __start___llvm_prf_cnts       
20200000  __stop___llvm_prf_bits        
20200000  __stop___llvm_prf_cnts        
20200000  _sys_memory                   
20200200  DataBuffer                    
202002c8  TimeBuffer                    
20200390  Wave                          
202003a0  DebugCnt                      
202003a4  FirstCount                    
202003a8  M                             
202003ac  Period                        
202003b0  Phase                         
202003b4  SizeofEID                     
202003b8  StartCount                    
202003bc  TExaSadc                      
202003c0  Thedutycycle                  
202003c4  Theperiod                     
202003c8  WaveIndex                     
202003cc  mode                          
202003d0  Letter                        
202003d4  BusFreq                       
202003d8  Mode0                         
202003dc  Mode1                         
202003e0  Score                         
202003e4  Time                          
20207e00  __stack                       
20208000  __STACK_END                   
ffffffff  __TI_pprof_out_hndl           
ffffffff  __TI_prof_data_size           
ffffffff  __TI_prof_data_start          
ffffffff  __binit__                     
ffffffff  binit                         
UNDEFED   __mpu_init                    
UNDEFED   _system_post_cinit            

[148 symbols]
