******************************************************************************
            TI ARM Clang Linker Unix v4.0.1                    
******************************************************************************
>> Linked Tue Mar  4 23:28:21 2025

OUTPUT FILE NAME:   <ECE319K_Lab5.out>
ENTRY POINT SYMBOL: "_c_int00_noargs"  address: 000007f9


MEMORY CONFIGURATION

         name            origin    length      used     unused   attr    fill
----------------------  --------  ---------  --------  --------  ----  --------
  FLASH                 00000000   00020000  00000a08  0001f5f8  R  X
  SRAM                  20200000   00008000  00000600  00007a00  RW X
  BCR_CONFIG            41c00000   00000080  00000000  00000080  R   
  BSL_CONFIG            41c00100   00000080  00000000  00000080  R   


SEGMENT ALLOCATION MAP

run origin  load origin   length   init length attrs members
----------  ----------- ---------- ----------- ----- -------
00000000    00000000    00000a08   00000a08    r-x
  00000000    00000000    000000c0   000000c0    r-- .intvecs
  000000c0    000000c0    000008a0   000008a0    r-x .text
  00000960    00000960    00000078   00000078    r-- .rodata
  000009d8    000009d8    00000030   00000030    r-- .cinit
20200000    20200000    00000400   00000000    rw-
  20200000    20200000    00000200   00000000    rw- .sysmem
  20200200    20200200    000001fc   00000000    rw- .bss
  202003fc    202003fc    00000004   00000000    rw- .data
20207e00    20207e00    00000200   00000000    rw-
  20207e00    20207e00    00000200   00000000    rw- .stack


SECTION ALLOCATION MAP

 output                                  attributes/
section   page    origin      length       input sections
--------  ----  ----------  ----------   ----------------
.intvecs   0    00000000    000000c0     
                  00000000    000000c0     startup_mspm0g3507_ticlang.o (.intvecs)

.text      0    000000c0    000008a0     
                  000000c0    000001b4     Clock.o (.text.Clock_Init80MHz)
                  00000274    00000094     ECE319K_Lab5main.o (.text.main)
                  00000308    0000007c     LaunchPad.o (.text.LaunchPad_Init)
                  00000384    0000007c     libc.a : copy_decompress_lzss.c.obj (.text:decompress:lzss)
                  00000400    00000060     Timer.o (.text.TimerG12_Init)
                  00000460    0000005c     UARTints.o (.text.UART0_IRQHandler)
                  000004bc    00000058     UARTints.o (.text.copyHardwareToSoftware)
                  00000514    00000050     Dump.o (.text.Debug_Dump)
                  00000564    0000004c     Dump.o (.text.Debug_Init)
                  000005b0    0000004c     FIFO.o (.text.RxFifo_Put)
                  000005fc    0000004c     FIFO.o (.text.TxFifo_Get)
                  00000648    0000004c     FIFO.o (.text.TxFifo_Put)
                  00000694    0000004c     UARTints.o (.text.copySoftwareToHardware)
                  000006e0    00000040     UARTints.o (.text.UART_OutChar)
                  00000720    0000003c     DAC5.o (.text.DAC5_Init)
                  0000075c    0000003c     libc.a : autoinit.c.obj (.text:__TI_auto_init_nobinit_nopinit)
                  00000798    00000038     LaunchPad.o (.text.ActivatePortA_B)
                  000007d0    00000028     ECE319K_Lab5Grader.o (.text.Grader_Init)
                  000007f8    00000028     libc.a : boot_cortex_m.c.obj (.text:_c_int00_noargs)
                  00000820    00000026     UART.o (.text.UART_OutString)
                  00000846    00000002     ECE319K_Lab5main.o (.text.SysTick_Handler)
                  00000848    00000024     ECE319K_Lab5Grader.o (.text.TIMG7_IRQHandler)
                  0000086c    0000001c     DAC5.o (.text.DAC5_Out)
                  00000888    0000001c     startup_mspm0g3507_ticlang.o (.text.Default_Handler)
                  000008a4    0000001c     startup_mspm0g3507_ticlang.o (.text.HardFault_Handler)
                  000008c0    00000018     FIFO.o (.text.RxFifo_Size)
                  000008d8    00000018     FIFO.o (.text.TxFifo_Size)
                  000008f0    00000016     libc.a : copy_zero_init.c.obj (.text:decompress:ZI:__TI_zero_init_nomemset)
                  00000906    00000012            : memcpy16.S.obj (.text:TI_memcpy_small)
                  00000918    00000012            : copy_decompress_none.c.obj (.text:decompress:none)
                  0000092a    00000010     Clock.o (.text.Clock_Delay)
                  0000093a    00000010     LaunchPad.o (.text.Delay)
                  0000094a    00000002     --HOLE-- [fill = 0]
                  0000094c    00000008     libclang_rt.builtins.a : aeabi_memcpy.S.obj (.text.__aeabi_memcpy)
                  00000954    00000004     startup_mspm0g3507_ticlang.o (.text.Reset_Handler)
                  00000958    00000004     libc.a : pre_init.c.obj (.text._system_pre_init)
                  0000095c    00000004            : exit.c.obj (.text:abort)

.cinit     0    000009d8    00000030     
                  000009d8    0000000c     (__TI_handler_table)
                  000009e4    00000008     (.cinit..bss.load) [load image, compression = zero_init]
                  000009ec    00000008     (.cinit..data.load) [load image, compression = lzss]
                  000009f4    00000010     (__TI_cinit_table)
                  00000a04    00000004     --HOLE-- [fill = 0]

.rodata    0    00000960    00000078     
                  00000960    00000030     ECE319K_Lab5main.o (.rodata.Inputs)
                  00000990    0000002f     ECE319K_Lab5main.o (.rodata.str1.117956256048312569671)
                  000009bf    00000014     ECE319K_Lab5main.o (.rodata.str1.96537639489935734771)
                  000009d3    00000005     --HOLE-- [fill = 0]

.init_array 
*          0    00000000    00000000     UNINITIALIZED

.binit     0    00000000    00000000     

.sysmem    0    20200000    00000200     UNINITIALIZED
                  20200000    00000010     libc.a : memory.c.obj (.sysmem)
                  20200010    000001f0     --HOLE--

.bss       0    20200200    000001fc     UNINITIALIZED
                  20200200    000000c8     (.common:DataBuffer)
                  202002c8    000000c8     (.common:TimeBuffer)
                  20200390    00000040     FIFO.o (.bss.TxFifo)
                  202003d0    00000010     FIFO.o (.bss.RxFifo)
                  202003e0    00000004     (.common:DebugCnt)
                  202003e4    00000004     (.common:PeriodicTask2)
                  202003e8    00000004     (.common:RxGetI)
                  202003ec    00000004     (.common:RxPutI)
                  202003f0    00000004     (.common:Testdata)
                  202003f4    00000004     (.common:TxGetI)
                  202003f8    00000004     (.common:TxPutI)

.data      0    202003fc    00000004     UNINITIALIZED
                  202003fc    00000004     Clock.o (.data.BusFreq)

.stack     0    20207e00    00000200     UNINITIALIZED
                  20207e00    00000004     libc.a : boot_cortex_m.c.obj (.stack)
                  20207e04    000001fc     --HOLE--

__llvm_prf_cnts 
*          0    20200000    00000000     UNINITIALIZED

__llvm_prf_bits 
*          0    20200000    00000000     UNINITIALIZED

MODULE SUMMARY

       Module                         code   ro data   rw data
       ------                         ----   -------   -------
    ./
       Dump.o                         156    0         404    
       Clock.o                        452    0         4      
       FIFO.o                         276    0         96     
       UARTints.o                     320    0         0      
       ECE319K_Lab5main.o             150    115       4      
       LaunchPad.o                    196    0         0      
       Timer.o                        96     0         0      
       DAC5.o                         88     0         0      
       ECE319K_Lab5Grader.o           76     0         4      
       UART.o                         38     0         0      
    +--+------------------------------+------+---------+---------+
       Total:                         1848   115       512    
                                                              
    ./ticlang/
       startup_mspm0g3507_ticlang.o   60     192       0      
    +--+------------------------------+------+---------+---------+
       Total:                         60     192       0      
                                                              
    /Applications/ti/ccs2000/ccs/tools/compiler/ti-cgt-armllvm_4.0.1.LTS/lib/armv6m-ti-none-eabi/c/libc.a
       copy_decompress_lzss.c.obj     124    0         0      
       autoinit.c.obj                 60     0         0      
       boot_cortex_m.c.obj            40     0         0      
       copy_zero_init.c.obj           22     0         0      
       copy_decompress_none.c.obj     18     0         0      
       memcpy16.S.obj                 18     0         0      
       exit.c.obj                     4      0         0      
       pre_init.c.obj                 4      0         0      
    +--+------------------------------+------+---------+---------+
       Total:                         290    0         0      
                                                              
    /Applications/ti/ccs2000/ccs/tools/compiler/ti-cgt-armllvm_4.0.1.LTS/lib/armv6m-ti-none-eabi/libclang_rt.builtins.a
       aeabi_memcpy.S.obj             8      0         0      
    +--+------------------------------+------+---------+---------+
       Total:                         8      0         0      
                                                              
       Heap:                          0      0         512    
       Stack:                         0      0         512    
       Linker Generated:              0      44        0      
    +--+------------------------------+------+---------+---------+
       Grand Total:                   2206   351       1536   


LINKER GENERATED COPY TABLES

__TI_cinit_table @ 000009f4 records: 2, size/record: 8, table size: 16
	.bss: load addr=000009e4, load size=00000008 bytes, run addr=20200200, run size=000001fc bytes, compression=zero_init
	.data: load addr=000009ec, load size=00000008 bytes, run addr=202003fc, run size=00000004 bytes, compression=lzss


LINKER GENERATED HANDLER TABLE

__TI_handler_table @ 000009d8 records: 3, size/record: 4, table size: 12
	index: 0, handler: __TI_decompress_lzss
	index: 1, handler: __TI_decompress_none
	index: 2, handler: __TI_zero_init


GLOBAL SYMBOLS: SORTED ALPHABETICALLY BY Name 

address   name                          
-------   ----                          
00000889  ADC0_IRQHandler               
00000889  ADC1_IRQHandler               
00000889  AES_IRQHandler                
00000799  ActivatePortA_B               
202003fc  BusFreq                       
0000095c  C$$EXIT                       
00000889  CANFD0_IRQHandler             
0000092b  Clock_Delay                   
000000c1  Clock_Init80MHz               
00000889  DAC0_IRQHandler               
00000721  DAC5_Init                     
0000086d  DAC5_Out                      
00000889  DMA_IRQHandler                
20200200  DataBuffer                    
202003e0  DebugCnt                      
00000515  Debug_Dump                    
00000565  Debug_Init                    
00000889  Default_Handler               
0000093b  Delay                         
00000889  GROUP0_IRQHandler             
00000889  GROUP1_IRQHandler             
000007d1  Grader_Init                   
000008a5  HardFault_Handler             
00000889  I2C0_IRQHandler               
00000889  I2C1_IRQHandler               
00000960  Inputs                        
00000309  LaunchPad_Init                
00000889  NMI_Handler                   
00000889  PendSV_Handler                
202003e4  PeriodicTask2                 
00000889  RTC_IRQHandler                
00000955  Reset_Handler                 
000005b1  RxFifo_Put                    
000008c1  RxFifo_Size                   
202003e8  RxGetI                        
202003ec  RxPutI                        
00000889  SPI0_IRQHandler               
00000889  SPI1_IRQHandler               
00000889  SVC_Handler                   
00000847  SysTick_Handler               
00000889  TIMA0_IRQHandler              
00000889  TIMA1_IRQHandler              
00000889  TIMG0_IRQHandler              
00000889  TIMG12_IRQHandler             
00000889  TIMG6_IRQHandler              
00000849  TIMG7_IRQHandler              
00000889  TIMG8_IRQHandler              
00000907  TI_memcpy_small               
202003f0  Testdata                      
202002c8  TimeBuffer                    
00000401  TimerG12_Init                 
000005fd  TxFifo_Get                    
00000649  TxFifo_Put                    
000008d9  TxFifo_Size                   
202003f4  TxGetI                        
202003f8  TxPutI                        
00000461  UART0_IRQHandler              
00000889  UART1_IRQHandler              
00000889  UART2_IRQHandler              
00000889  UART3_IRQHandler              
000006e1  UART_OutChar                  
00000821  UART_OutString                
20208000  __STACK_END                   
00000200  __STACK_SIZE                  
00000200  __SYSMEM_SIZE                 
00000000  __TI_ATRegion0_region_sz      
00000000  __TI_ATRegion0_src_addr       
00000000  __TI_ATRegion0_trg_addr       
00000000  __TI_ATRegion1_region_sz      
00000000  __TI_ATRegion1_src_addr       
00000000  __TI_ATRegion1_trg_addr       
00000000  __TI_ATRegion2_region_sz      
00000000  __TI_ATRegion2_src_addr       
00000000  __TI_ATRegion2_trg_addr       
000009f4  __TI_CINIT_Base               
00000a04  __TI_CINIT_Limit              
00000a04  __TI_CINIT_Warm               
000009d8  __TI_Handler_Table_Base       
000009e4  __TI_Handler_Table_Limit      
0000075d  __TI_auto_init_nobinit_nopinit
00000385  __TI_decompress_lzss          
00000919  __TI_decompress_none          
ffffffff  __TI_pprof_out_hndl           
ffffffff  __TI_prof_data_size           
ffffffff  __TI_prof_data_start          
00000000  __TI_static_base__            
000008f1  __TI_zero_init_nomemset       
0000094d  __aeabi_memcpy                
0000094d  __aeabi_memcpy4               
0000094d  __aeabi_memcpy8               
ffffffff  __binit__                     
UNDEFED   __mpu_init                    
20207e00  __stack                       
20200000  __start___llvm_prf_bits       
20200000  __start___llvm_prf_cnts       
20200000  __stop___llvm_prf_bits        
20200000  __stop___llvm_prf_cnts        
000007f9  _c_int00_noargs               
20200000  _sys_memory                   
UNDEFED   _system_post_cinit            
00000959  _system_pre_init              
0000095d  abort                         
ffffffff  binit                         
00000000  interruptVectors              
00000275  main                          


GLOBAL SYMBOLS: SORTED BY Symbol Address 

address   name                          
-------   ----                          
00000000  __TI_ATRegion0_region_sz      
00000000  __TI_ATRegion0_src_addr       
00000000  __TI_ATRegion0_trg_addr       
00000000  __TI_ATRegion1_region_sz      
00000000  __TI_ATRegion1_src_addr       
00000000  __TI_ATRegion1_trg_addr       
00000000  __TI_ATRegion2_region_sz      
00000000  __TI_ATRegion2_src_addr       
00000000  __TI_ATRegion2_trg_addr       
00000000  __TI_static_base__            
00000000  interruptVectors              
000000c1  Clock_Init80MHz               
00000200  __STACK_SIZE                  
00000200  __SYSMEM_SIZE                 
00000275  main                          
00000309  LaunchPad_Init                
00000385  __TI_decompress_lzss          
00000401  TimerG12_Init                 
00000461  UART0_IRQHandler              
00000515  Debug_Dump                    
00000565  Debug_Init                    
000005b1  RxFifo_Put                    
000005fd  TxFifo_Get                    
00000649  TxFifo_Put                    
000006e1  UART_OutChar                  
00000721  DAC5_Init                     
0000075d  __TI_auto_init_nobinit_nopinit
00000799  ActivatePortA_B               
000007d1  Grader_Init                   
000007f9  _c_int00_noargs               
00000821  UART_OutString                
00000847  SysTick_Handler               
00000849  TIMG7_IRQHandler              
0000086d  DAC5_Out                      
00000889  ADC0_IRQHandler               
00000889  ADC1_IRQHandler               
00000889  AES_IRQHandler                
00000889  CANFD0_IRQHandler             
00000889  DAC0_IRQHandler               
00000889  DMA_IRQHandler                
00000889  Default_Handler               
00000889  GROUP0_IRQHandler             
00000889  GROUP1_IRQHandler             
00000889  I2C0_IRQHandler               
00000889  I2C1_IRQHandler               
00000889  NMI_Handler                   
00000889  PendSV_Handler                
00000889  RTC_IRQHandler                
00000889  SPI0_IRQHandler               
00000889  SPI1_IRQHandler               
00000889  SVC_Handler                   
00000889  TIMA0_IRQHandler              
00000889  TIMA1_IRQHandler              
00000889  TIMG0_IRQHandler              
00000889  TIMG12_IRQHandler             
00000889  TIMG6_IRQHandler              
00000889  TIMG8_IRQHandler              
00000889  UART1_IRQHandler              
00000889  UART2_IRQHandler              
00000889  UART3_IRQHandler              
000008a5  HardFault_Handler             
000008c1  RxFifo_Size                   
000008d9  TxFifo_Size                   
000008f1  __TI_zero_init_nomemset       
00000907  TI_memcpy_small               
00000919  __TI_decompress_none          
0000092b  Clock_Delay                   
0000093b  Delay                         
0000094d  __aeabi_memcpy                
0000094d  __aeabi_memcpy4               
0000094d  __aeabi_memcpy8               
00000955  Reset_Handler                 
00000959  _system_pre_init              
0000095c  C$$EXIT                       
0000095d  abort                         
00000960  Inputs                        
000009d8  __TI_Handler_Table_Base       
000009e4  __TI_Handler_Table_Limit      
000009f4  __TI_CINIT_Base               
00000a04  __TI_CINIT_Limit              
00000a04  __TI_CINIT_Warm               
20200000  __start___llvm_prf_bits       
20200000  __start___llvm_prf_cnts       
20200000  __stop___llvm_prf_bits        
20200000  __stop___llvm_prf_cnts        
20200000  _sys_memory                   
20200200  DataBuffer                    
202002c8  TimeBuffer                    
202003e0  DebugCnt                      
202003e4  PeriodicTask2                 
202003e8  RxGetI                        
202003ec  RxPutI                        
202003f0  Testdata                      
202003f4  TxGetI                        
202003f8  TxPutI                        
202003fc  BusFreq                       
20207e00  __stack                       
20208000  __STACK_END                   
ffffffff  __TI_pprof_out_hndl           
ffffffff  __TI_prof_data_size           
ffffffff  __TI_prof_data_start          
ffffffff  __binit__                     
ffffffff  binit                         
UNDEFED   __mpu_init                    
UNDEFED   _system_post_cinit            

[105 symbols]
