******************************************************************************
            TI ARM Clang Linker PC v2.1.3                      
******************************************************************************
>> Linked Wed Sep 20 19:09:58 2023

OUTPUT FILE NAME:   <ECE319K_Lab4.out>
ENTRY POINT SYMBOL: "_c_int00_noargs"  address: 000014b5


MEMORY CONFIGURATION

         name            origin    length      used     unused   attr    fill
----------------------  --------  ---------  --------  --------  ----  --------
  FLASH                 00000000   00020000  00002158  0001dea8  R  X
  SRAM                  20200000   00008000  00000624  000079dc  RW X
  BCR_CONFIG            41c00000   00000080  00000000  00000080  R   
  BSL_CONFIG            41c00100   00000080  00000000  00000080  R   


SEGMENT ALLOCATION MAP

run origin  load origin   length   init length attrs members
----------  ----------- ---------- ----------- ----- -------
00000000    00000000    00002158   00002158    r-x
  00000000    00000000    000000c0   000000c0    r-- .intvecs
  000000c0    000000c0    000015b8   000015b8    r-x .text
  00001678    00001678    00000ab0   00000ab0    r-- .rodata
  00002128    00002128    00000030   00000030    r-- .cinit
20200000    20200000    00000428   00000000    rw-
  20200000    20200000    00000204   00000000    rw- .bss
  20200208    20200208    00000200   00000000    rw- .sysmem
  20200408    20200408    00000020   00000000    rw- .data
20207e00    20207e00    00000200   00000000    rw-
  20207e00    20207e00    00000200   00000000    rw- .stack


SECTION ALLOCATION MAP

 output                                  attributes/
section   page    origin      length       input sections
--------  ----  ----------  ----------   ----------------
.intvecs   0    00000000    000000c0     
                  00000000    000000c0     startup_mspm0g3507_ticlang.o (.intvecs)

.text      0    000000c0    000015b8     
                  000000c0    000002f8     ECE319K_Lab4Grader.o (.text.TIMG7_IRQHandler)
                  000003b8    00000294     ECE319K_Lab4Grader.o (.text.Lab4Grader)
                  0000064c    0000027c     ECE319K_Lab4Grader.o (.text.CheckInitialization)
                  000008c8    000001b4     Clock.o (.text.Clock_Init80MHz)
                  00000a7c    00000130     UARTints.o (.text.UART_Init)
                  00000bac    000000d4     ECE319K_Lab4main.o (.text.main)
                  00000c80    000000a8     Timer.o (.text.TimerG7_IntArm)
                  00000d28    00000084     LaunchPad.o (.text.LaunchPad_Init)
                  00000dac    00000084     ECE319K_Lab4main.o (.text.Traffic_Init)
                  00000e30    0000007c     ECE319K_Lab4Grader.o (.text.ReadSensor)
                  00000eac    00000070     Dump.o (.text.Debug_Dump2)
                  00000f1c    00000068     libc.a : copy_decompress_lzss.c.obj (.text:decompress:lzss)
                  00000f84    00000064     ECE319K_Lab4Grader.o (.text.GetState)
                  00000fe8    00000060     Timer.o (.text.TimerG12_Init)
                  00001048    0000005c     ECE319K_Lab4Grader.o (.text.ReadSouth)
                  000010a4    0000005c     UARTints.o (.text.UART0_IRQHandler)
                  00001100    00000058     UARTints.o (.text.copyHardwareToSoftware)
                  00001158    0000004c     ECE319K_Lab4Grader.o (.text.ReadWest)
                  000011a4    0000004c     FIFO.o (.text.RxFifo_Put)
                  000011f0    0000004c     FIFO.o (.text.TxFifo_Get)
                  0000123c    0000004c     FIFO.o (.text.TxFifo_Put)
                  00001288    0000004c     UARTints.o (.text.copySoftwareToHardware)
                  000012d4    00000040     UARTints.o (.text.UART_OutChar)
                  00001314    00000040     libclang_rt.builtins.a : aeabi_uidivmod.S.obj (.text)
                  00001354    0000003c     libc.a : autoinit.c.obj (.text:__TI_auto_init_nobinit_nopinit)
                  00001390    00000038     LaunchPad.o (.text.ActivatePortA_B)
                  000013c8    00000036     UART.o (.text.UART_OutUDec)
                  000013fe    00000034     ECE319K_Lab4Grader.o (.text.setUpper)
                  00001432    00000002     libclang_rt.builtins.a : aeabi_div0.c.obj (.text.__aeabi_idiv0)
                  00001434    00000030     ECE319K_Lab4main.o (.text.Traffic_Out)
                  00001464    00000028     LaunchPad.o (.text.LaunchPad_LED)
                  0000148c    00000028     ECE319K_Lab4Grader.o (.text.ReadWalk)
                  000014b4    00000028     libc.a : boot_cortex_m.c.obj (.text:_c_int00_noargs)
                  000014dc    00000026     UART.o (.text.UART_OutString)
                  00001502    00000002     --HOLE-- [fill = 0]
                  00001504    00000020     ECE319K_Lab4Grader.o (.text.Random32)
                  00001524    00000020     Clock.o (.text.SysTick_Init)
                  00001544    00000018     FIFO.o (.text.RxFifo_Size)
                  0000155c    00000018     FIFO.o (.text.TxFifo_Size)
                  00001574    00000016     libc.a : strcmp.c.obj (.text.strcmp)
                  0000158a    00000002     --HOLE-- [fill = 0]
                  0000158c    00000014     Dump.o (.text.Debug_Init)
                  000015a0    00000014     FIFO.o (.text.RxFifo_Init)
                  000015b4    00000014     ECE319K_Lab4main.o (.text.Traffic_In)
                  000015c8    00000014     FIFO.o (.text.TxFifo_Init)
                  000015dc    00000014     libc.a : copy_zero_init.c.obj (.text:decompress:ZI:__TI_zero_init_nomemset)
                  000015f0    00000012            : memcpy16.S.obj (.text:TI_memcpy_small)
                  00001602    00000012            : copy_decompress_none.c.obj (.text:decompress:none)
                  00001614    00000010     Clock.o (.text.Clock_Delay)
                  00001624    00000010     ECE319K_Lab4Grader.o (.text.OutCRLF)
                  00001634    0000000e     libc.a : strcpy.c.obj (.text.strcpy)
                  00001642    00000002     --HOLE-- [fill = 0]
                  00001644    0000000c     Clock.o (.text.Clock_Freq)
                  00001650    0000000c     LaunchPad.o (.text.LaunchPad_LED1off)
                  0000165c    00000008     libclang_rt.builtins.a : aeabi_memcpy.S.obj (.text)
                  00001664    00000004     startup_mspm0g3507_ticlang.o (.text.Default_Handler)
                  00001668    00000004     startup_mspm0g3507_ticlang.o (.text.HardFault_Handler)
                  0000166c    00000004     startup_mspm0g3507_ticlang.o (.text.Reset_Handler)
                  00001670    00000004     libc.a : pre_init.c.obj (.text._system_pre_init)
                  00001674    00000004            : exit.c.obj (.text:abort)

.cinit     0    00002128    00000030     
                  00002128    0000000c     (.cinit..data.load) [load image, compression = lzss]
                  00002134    0000000c     (__TI_handler_table)
                  00002140    00000008     (.cinit..bss.load) [load image, compression = zero_init]
                  00002148    00000010     (__TI_cinit_table)

.rodata    0    00001678    00000ab0     
                  00001678    000003c0     ECE319K_Lab4main.o (.rodata.FSM)
                  00001a38    0000024c     ECE319K_Lab4Grader.o (.rodata.str1.1)
                  00001c84    00000140     ECE319K_Lab4Grader.o (.rodata.SensorProblem)
                  00001dc4    000000f0     ECE319K_Lab4Grader.o (.rodata.SouthProblem)
                  00001eb4    000000c8     ECE319K_Lab4Grader.o (.rodata.PatternProblem)
                  00001f7c    000000c4     ECE319K_Lab4Grader.o (.rodata.pat)
                  00002040    000000a0     ECE319K_Lab4Grader.o (.rodata.WestProblem)
                  000020e0    0000001c     ECE319K_Lab4Grader.o (.rodata.validPatterns)
                  000020fc    00000018     ECE319K_Lab4Grader.o (.rodata.Patterns)
                  00002114    00000008     ECE319K_Lab4main.o (.rodata.EID1)
                  0000211c    00000008     ECE319K_Lab4main.o (.rodata.EID2)
                  00002124    00000004     --HOLE-- [fill = 0]

.init_array 
*          0    00000000    00000000     UNINITIALIZED

.binit     0    00000000    00000000     

.bss       0    20200000    00000204     UNINITIALIZED
                  20200000    000000c8     (.common:DataBuffer)
                  202000c8    000000c8     (.common:TimeBuffer)
                  20200190    00000010     FIFO.o (.bss.RxFifo)
                  202001a0    00000010     FIFO.o (.bss.TxFifo)
                  202001b0    0000000c     (.common:State)
                  202001bc    00000004     (.common:DebugCnt)
                  202001c0    00000004     (.common:Input)
                  202001c4    00000004     (.common:LastIn)
                  202001c8    00000004     (.common:LastOut)
                  202001cc    00000004     (.common:LastState)
                  202001d0    00000004     (.common:LookingFlag)
                  202001d4    00000004     (.common:LookingFor)
                  202001d8    00000004     (.common:M)
                  202001dc    00000004     (.common:NeedState)
                  202001e0    00000004     (.common:RxGetI)
                  202001e4    00000004     (.common:RxPutI)
                  202001e8    00000004     (.common:S)
                  202001ec    00000004     (.common:TxGetI)
                  202001f0    00000004     (.common:TxPutI)
                  202001f4    00000004     (.common:WrongState)
                  202001f8    00000004     (.common:in)
                  202001fc    00000004     (.common:out)
                  20200200    00000004     (.common:state)

.sysmem    0    20200208    00000200     UNINITIALIZED
                  20200208    00000010     libc.a : memory.c.obj (.sysmem)
                  20200218    000001f0     --HOLE--

.data      0    20200408    00000020     UNINITIALIZED
                  20200408    00000004     Clock.o (.data.BusFreq)
                  2020040c    00000004     ECE319K_Lab4Grader.o (.data.Fail)
                  20200410    00000004     ECE319K_Lab4Grader.o (.data.PatternMode)
                  20200414    00000004     ECE319K_Lab4Grader.o (.data.Score)
                  20200418    00000004     ECE319K_Lab4Grader.o (.data.SensorMode)
                  2020041c    00000004     ECE319K_Lab4Grader.o (.data.SouthMode)
                  20200420    00000004     ECE319K_Lab4Grader.o (.data.Time)
                  20200424    00000004     ECE319K_Lab4Grader.o (.data.WestMode)

.stack     0    20207e00    00000200     UNINITIALIZED
                  20207e00    00000004     libc.a : boot_cortex_m.c.obj (.stack)
                  20207e04    000001fc     --HOLE--

__llvm_prf_cnts 
*          0    20200000    00000000     UNINITIALIZED

__llvm_prf_bits 
*          0    20200000    00000000     UNINITIALIZED

MODULE SUMMARY

       Module                         code   ro data   rw data
       ------                         ----   -------   -------
    .\
       ECE319K_Lab4Grader.o           2588   1756      72     
       ECE319K_Lab4main.o             412    976       20     
       UARTints.o                     624    0         0      
       Dump.o                         132    0         404    
       Clock.o                        496    0         4      
       FIFO.o                         316    0         48     
       Timer.o                        264    0         0      
       LaunchPad.o                    240    0         0      
       UART.o                         92     0         0      
    +--+------------------------------+------+---------+---------+
       Total:                         5164   2732      548    
                                                              
    .\ticlang\
       startup_mspm0g3507_ticlang.o   12     192       0      
    +--+------------------------------+------+---------+---------+
       Total:                         12     192       0      
                                                              
    C:\ti\ccs1240\ccs\tools\compiler\ti-cgt-armllvm_2.1.3.LTS\lib\armv6m-ti-none-eabi/c/libc.a
       copy_decompress_lzss.c.obj     104    0         0      
       autoinit.c.obj                 60     0         0      
       boot_cortex_m.c.obj            40     0         0      
       strcmp.c.obj                   22     0         0      
       copy_zero_init.c.obj           20     0         0      
       copy_decompress_none.c.obj     18     0         0      
       memcpy16.S.obj                 18     0         0      
       strcpy.c.obj                   14     0         0      
       exit.c.obj                     4      0         0      
       pre_init.c.obj                 4      0         0      
    +--+------------------------------+------+---------+---------+
       Total:                         304    0         0      
                                                              
    C:\ti\ccs1240\ccs\tools\compiler\ti-cgt-armllvm_2.1.3.LTS\lib\clang/14.0.6/lib/armv6m-ti-none-eabi/libclang_rt.builtins.a
       aeabi_uidivmod.S.obj           64     0         0      
       aeabi_memcpy.S.obj             8      0         0      
       aeabi_div0.c.obj               2      0         0      
    +--+------------------------------+------+---------+---------+
       Total:                         74     0         0      
                                                              
       Heap:                          0      0         512    
       Stack:                         0      0         512    
       Linker Generated:              0      48        0      
    +--+------------------------------+------+---------+---------+
       Grand Total:                   5554   2972      1572   


LINKER GENERATED COPY TABLES

__TI_cinit_table @ 00002148 records: 2, size/record: 8, table size: 16
	.data: load addr=00002128, load size=0000000c bytes, run addr=20200408, run size=00000020 bytes, compression=lzss
	.bss: load addr=00002140, load size=00000008 bytes, run addr=20200000, run size=00000204 bytes, compression=zero_init


LINKER GENERATED HANDLER TABLE

__TI_handler_table @ 00002134 records: 3, size/record: 4, table size: 12
	index: 0, handler: __TI_decompress_lzss
	index: 1, handler: __TI_decompress_none
	index: 2, handler: __TI_zero_init


GLOBAL SYMBOLS: SORTED ALPHABETICALLY BY Name 

address   name                          
-------   ----                          
00001665  ADC0_IRQHandler               
00001665  ADC1_IRQHandler               
00001665  AES_IRQHandler                
00001391  ActivatePortA_B               
20200408  BusFreq                       
00001674  C$$EXIT                       
00001665  CANFD0_IRQHandler             
0000064d  CheckInitialization           
00001615  Clock_Delay                   
00001645  Clock_Freq                    
000008c9  Clock_Init80MHz               
00001665  DAC0_IRQHandler               
00001665  DMA_IRQHandler                
20200000  DataBuffer                    
202001bc  DebugCnt                      
00000ead  Debug_Dump2                   
0000158d  Debug_Init                    
00001665  Default_Handler               
00002114  EID1                          
0000211c  EID2                          
00001678  FSM                           
00001665  GROUP0_IRQHandler             
00001665  GROUP1_IRQHandler             
00000f85  GetState                      
00001669  HardFault_Handler             
00001665  I2C0_IRQHandler               
00001665  I2C1_IRQHandler               
202001c0  Input                         
000003b9  Lab4Grader                    
202001c4  LastIn                        
202001c8  LastOut                       
202001cc  LastState                     
00000d29  LaunchPad_Init                
00001465  LaunchPad_LED                 
00001651  LaunchPad_LED1off             
202001d0  LookingFlag                   
202001d4  LookingFor                    
202001d8  M                             
00001665  NMI_Handler                   
202001dc  NeedState                     
00001625  OutCRLF                       
00001eb4  PatternProblem                
000020fc  Patterns                      
00001665  PendSV_Handler                
00001665  RTC_IRQHandler                
00001505  Random32                      
00000e31  ReadSensor                    
00001049  ReadSouth                     
0000148d  ReadWalk                      
00001159  ReadWest                      
0000166d  Reset_Handler                 
000015a1  RxFifo_Init                   
000011a5  RxFifo_Put                    
00001545  RxFifo_Size                   
202001e0  RxGetI                        
202001e4  RxPutI                        
202001e8  S                             
00001665  SPI0_IRQHandler               
00001665  SPI1_IRQHandler               
00001665  SVC_Handler                   
00001c84  SensorProblem                 
00001dc4  SouthProblem                  
202001b0  State                         
00001665  SysTick_Handler               
00001525  SysTick_Init                  
00001665  TIMA0_IRQHandler              
00001665  TIMA1_IRQHandler              
00001665  TIMG0_IRQHandler              
00001665  TIMG12_IRQHandler             
00001665  TIMG6_IRQHandler              
000000c1  TIMG7_IRQHandler              
00001665  TIMG8_IRQHandler              
000015f1  TI_memcpy_small               
20200420  Time                          
202000c8  TimeBuffer                    
00000fe9  TimerG12_Init                 
00000c81  TimerG7_IntArm                
000015b5  Traffic_In                    
00000dad  Traffic_Init                  
00001435  Traffic_Out                   
000011f1  TxFifo_Get                    
000015c9  TxFifo_Init                   
0000123d  TxFifo_Put                    
0000155d  TxFifo_Size                   
202001ec  TxGetI                        
202001f0  TxPutI                        
000010a5  UART0_IRQHandler              
00001665  UART1_IRQHandler              
00001665  UART2_IRQHandler              
00001665  UART3_IRQHandler              
00000a7d  UART_Init                     
000012d5  UART_OutChar                  
000014dd  UART_OutString                
000013c9  UART_OutUDec                  
00002040  WestProblem                   
202001f4  WrongState                    
20208000  __STACK_END                   
00000200  __STACK_SIZE                  
00000200  __SYSMEM_SIZE                 
00002148  __TI_CINIT_Base               
00002158  __TI_CINIT_Limit              
00002158  __TI_CINIT_Warm               
00002134  __TI_Handler_Table_Base       
00002140  __TI_Handler_Table_Limit      
00001355  __TI_auto_init_nobinit_nopinit
00000f1d  __TI_decompress_lzss          
00001603  __TI_decompress_none          
ffffffff  __TI_pprof_out_hndl           
ffffffff  __TI_prof_data_size           
ffffffff  __TI_prof_data_start          
00000000  __TI_static_base__            
000015dd  __TI_zero_init_nomemset       
00001433  __aeabi_idiv0                 
0000165d  __aeabi_memcpy                
0000165d  __aeabi_memcpy4               
0000165d  __aeabi_memcpy8               
00001315  __aeabi_uidiv                 
00001315  __aeabi_uidivmod              
ffffffff  __binit__                     
UNDEFED   __mpu_init                    
20207e00  __stack                       
20200000  __start___llvm_prf_bits       
20200000  __start___llvm_prf_cnts       
20200000  __stop___llvm_prf_bits        
20200000  __stop___llvm_prf_cnts        
000014b5  _c_int00_noargs               
20200208  _sys_memory                   
UNDEFED   _system_post_cinit            
00001671  _system_pre_init              
00001675  abort                         
ffffffff  binit                         
202001f8  in                            
00000000  interruptVectors              
00000bad  main                          
202001fc  out                           
00001f7c  pat                           
000013ff  setUpper                      
20200200  state                         
00001575  strcmp                        
00001635  strcpy                        
000020e0  validPatterns                 


GLOBAL SYMBOLS: SORTED BY Symbol Address 

address   name                          
-------   ----                          
00000000  __TI_static_base__            
00000000  interruptVectors              
000000c1  TIMG7_IRQHandler              
00000200  __STACK_SIZE                  
00000200  __SYSMEM_SIZE                 
000003b9  Lab4Grader                    
0000064d  CheckInitialization           
000008c9  Clock_Init80MHz               
00000a7d  UART_Init                     
00000bad  main                          
00000c81  TimerG7_IntArm                
00000d29  LaunchPad_Init                
00000dad  Traffic_Init                  
00000e31  ReadSensor                    
00000ead  Debug_Dump2                   
00000f1d  __TI_decompress_lzss          
00000f85  GetState                      
00000fe9  TimerG12_Init                 
00001049  ReadSouth                     
000010a5  UART0_IRQHandler              
00001159  ReadWest                      
000011a5  RxFifo_Put                    
000011f1  TxFifo_Get                    
0000123d  TxFifo_Put                    
000012d5  UART_OutChar                  
00001315  __aeabi_uidiv                 
00001315  __aeabi_uidivmod              
00001355  __TI_auto_init_nobinit_nopinit
00001391  ActivatePortA_B               
000013c9  UART_OutUDec                  
000013ff  setUpper                      
00001433  __aeabi_idiv0                 
00001435  Traffic_Out                   
00001465  LaunchPad_LED                 
0000148d  ReadWalk                      
000014b5  _c_int00_noargs               
000014dd  UART_OutString                
00001505  Random32                      
00001525  SysTick_Init                  
00001545  RxFifo_Size                   
0000155d  TxFifo_Size                   
00001575  strcmp                        
0000158d  Debug_Init                    
000015a1  RxFifo_Init                   
000015b5  Traffic_In                    
000015c9  TxFifo_Init                   
000015dd  __TI_zero_init_nomemset       
000015f1  TI_memcpy_small               
00001603  __TI_decompress_none          
00001615  Clock_Delay                   
00001625  OutCRLF                       
00001635  strcpy                        
00001645  Clock_Freq                    
00001651  LaunchPad_LED1off             
0000165d  __aeabi_memcpy                
0000165d  __aeabi_memcpy4               
0000165d  __aeabi_memcpy8               
00001665  ADC0_IRQHandler               
00001665  ADC1_IRQHandler               
00001665  AES_IRQHandler                
00001665  CANFD0_IRQHandler             
00001665  DAC0_IRQHandler               
00001665  DMA_IRQHandler                
00001665  Default_Handler               
00001665  GROUP0_IRQHandler             
00001665  GROUP1_IRQHandler             
00001665  I2C0_IRQHandler               
00001665  I2C1_IRQHandler               
00001665  NMI_Handler                   
00001665  PendSV_Handler                
00001665  RTC_IRQHandler                
00001665  SPI0_IRQHandler               
00001665  SPI1_IRQHandler               
00001665  SVC_Handler                   
00001665  SysTick_Handler               
00001665  TIMA0_IRQHandler              
00001665  TIMA1_IRQHandler              
00001665  TIMG0_IRQHandler              
00001665  TIMG12_IRQHandler             
00001665  TIMG6_IRQHandler              
00001665  TIMG8_IRQHandler              
00001665  UART1_IRQHandler              
00001665  UART2_IRQHandler              
00001665  UART3_IRQHandler              
00001669  HardFault_Handler             
0000166d  Reset_Handler                 
00001671  _system_pre_init              
00001674  C$$EXIT                       
00001675  abort                         
00001678  FSM                           
00001c84  SensorProblem                 
00001dc4  SouthProblem                  
00001eb4  PatternProblem                
00001f7c  pat                           
00002040  WestProblem                   
000020e0  validPatterns                 
000020fc  Patterns                      
00002114  EID1                          
0000211c  EID2                          
00002134  __TI_Handler_Table_Base       
00002140  __TI_Handler_Table_Limit      
00002148  __TI_CINIT_Base               
00002158  __TI_CINIT_Limit              
00002158  __TI_CINIT_Warm               
20200000  DataBuffer                    
20200000  __start___llvm_prf_bits       
20200000  __start___llvm_prf_cnts       
20200000  __stop___llvm_prf_bits        
20200000  __stop___llvm_prf_cnts        
202000c8  TimeBuffer                    
202001b0  State                         
202001bc  DebugCnt                      
202001c0  Input                         
202001c4  LastIn                        
202001c8  LastOut                       
202001cc  LastState                     
202001d0  LookingFlag                   
202001d4  LookingFor                    
202001d8  M                             
202001dc  NeedState                     
202001e0  RxGetI                        
202001e4  RxPutI                        
202001e8  S                             
202001ec  TxGetI                        
202001f0  TxPutI                        
202001f4  WrongState                    
202001f8  in                            
202001fc  out                           
20200200  state                         
20200208  _sys_memory                   
20200408  BusFreq                       
20200420  Time                          
20207e00  __stack                       
20208000  __STACK_END                   
ffffffff  __TI_pprof_out_hndl           
ffffffff  __TI_prof_data_size           
ffffffff  __TI_prof_data_start          
ffffffff  __binit__                     
ffffffff  binit                         
UNDEFED   __mpu_init                    
UNDEFED   _system_post_cinit            

[141 symbols]
