******************************************************************************
            TI ARM Clang Linker Unix v4.0.1                    
******************************************************************************
>> Linked Mon Jan 27 16:32:15 2025

OUTPUT FILE NAME:   <Personal_Project.out>
ENTRY POINT SYMBOL: "_c_int00_noargs"  address: 00000d39


MEMORY CONFIGURATION

         name            origin    length      used     unused   attr    fill
----------------------  --------  ---------  --------  --------  ----  --------
  FLASH                 00000000   00020000  00000f98  0001f068  R  X
  SRAM                  20200000   00008000  00000204  00007dfc  RW X
  BCR_CONFIG            41c00000   00000080  00000000  00000080  R   
  BSL_CONFIG            41c00100   00000080  00000000  00000080  R   


SEGMENT ALLOCATION MAP

run origin  load origin   length   init length attrs members
----------  ----------- ---------- ----------- ----- -------
00000000    00000000    00000f98   00000f98    r-x
  00000000    00000000    000000c0   000000c0    r-- .intvecs
  000000c0    000000c0    00000d90   00000d90    r-x .text
  00000e50    00000e50    00000130   00000130    r-- .rodata
  00000f80    00000f80    00000018   00000018    r-- .cinit
20200000    20200000    00000004   00000000    rw-
  20200000    20200000    00000004   00000000    rw- .data
20207e00    20207e00    00000200   00000000    rw-
  20207e00    20207e00    00000200   00000000    rw- .stack


SECTION ALLOCATION MAP

 output                                  attributes/
section   page    origin      length       input sections
--------  ----  ----------  ----------   ----------------
.intvecs   0    00000000    000000c0     
                  00000000    000000c0     startup_mspm0g350x_ticlang.o (.intvecs)

.text      0    000000c0    00000d90     
                  000000c0    00000868     libc.a : _printfi.c.obj (.text:__TI_printfi_nofloat)
                  00000928    000000a2     libclang_rt.builtins.a : udivmoddi4.S.obj (.text)
                  000009ca    0000009a     libc.a : memcpy16.S.obj (.text:memcpy)
                  00000a64    00000080     Scale_Reader.o (.text.main)
                  00000ae4    0000007c     libc.a : copy_decompress_lzss.c.obj (.text:decompress:lzss)
                  00000b60    00000062            : memset16.S.obj (.text:memset)
                  00000bc2    00000002     startup_mspm0g350x_ticlang.o (.text.Default_Handler)
                  00000bc4    0000004c     libc.a : snprintf.c.obj (.text.snprintf)
                  00000c10    00000040     libclang_rt.builtins.a : aeabi_uidivmod.S.obj (.text.__aeabi_uidivmod)
                  00000c50    00000040     libc.a : atoi.c.obj (.text.atoi)
                  00000c90    0000003c            : autoinit.c.obj (.text:__TI_auto_init_nobinit_nopinit)
                  00000ccc    0000003a     libclang_rt.builtins.a : muldsi3.S.obj (.text.__muldsi3)
                  00000d06    00000030     libc.a : snprintf.c.obj (.text._outs)
                  00000d36    00000002     libclang_rt.builtins.a : aeabi_div0.c.obj (.text.__aeabi_idiv0)
                  00000d38    00000028     libc.a : boot_cortex_m.c.obj (.text:_c_int00_noargs)
                  00000d60    00000024     libclang_rt.builtins.a : muldi3.S.obj (.text.__muldi3)
                  00000d84    00000022     libc.a : memccpy.c.obj (.text.memccpy)
                  00000da6    00000002     libclang_rt.builtins.a : aeabi_div0.c.obj (.text.__aeabi_ldiv0)
                  00000da8    0000001e                            : ashldi3.S.obj (.text.__ashldi3)
                  00000dc6    00000018     libc.a : snprintf.c.obj (.text._outc)
                  00000dde    00000002     --HOLE-- [fill = 0]
                  00000de0    00000014     libclang_rt.builtins.a : aeabi_uldivmod.S.obj (.text.__aeabi_uldivmod)
                  00000df4    00000012     libc.a : copy_decompress_none.c.obj (.text:decompress:none)
                  00000e06    00000010            : wcslen.c.obj (.text.wcslen)
                  00000e16    00000002     --HOLE-- [fill = 0]
                  00000e18    0000000e     libclang_rt.builtins.a : aeabi_memset.S.obj (.text.__aeabi_memset)
                  00000e26    0000000e     libc.a : _printfi.c.obj (.text.strlen)
                  00000e34    00000008            : aeabi_portable.c.obj (.text.__aeabi_errno_addr)
                  00000e3c    00000008     libclang_rt.builtins.a : aeabi_memcpy.S.obj (.text.__aeabi_memcpy)
                  00000e44    00000004     startup_mspm0g350x_ticlang.o (.text.Reset_Handler)
                  00000e48    00000004     libc.a : pre_init.c.obj (.text._system_pre_init)
                  00000e4c    00000004            : exit.c.obj (.text:abort)

.cinit     0    00000f80    00000018     
                  00000f80    00000008     (__TI_handler_table)
                  00000f88    00000007     (.cinit..data.load) [load image, compression = lzss]
                  00000f8f    00000001     --HOLE-- [fill = 0]
                  00000f90    00000008     (__TI_cinit_table)

.rodata    0    00000e50    00000130     
                  00000e50    00000101     libc.a : aeabi_ctype.S.obj (.rodata:__aeabi_ctype_table_)
                  00000f51    00000011            : _printfi.c.obj (.rodata.str1.103488685894817597201)
                  00000f62    00000011            : _printfi.c.obj (.rodata.str1.153638888446227384661)
                  00000f73    00000009     Scale_Reader.o (.rodata.str1.139906711964904055341)
                  00000f7c    00000004     --HOLE-- [fill = 0]

.init_array 
*          0    00000000    00000000     UNINITIALIZED

.binit     0    00000000    00000000     

.data      0    20200000    00000004     UNINITIALIZED
                  20200000    00000004     libc.a : aeabi_portable.c.obj (.data.__aeabi_errno)

.stack     0    20207e00    00000200     UNINITIALIZED
                  20207e00    00000004     libc.a : boot_cortex_m.c.obj (.stack)
                  20207e04    000001fc     --HOLE--

__llvm_prf_cnts 
*          0    20200000    00000000     UNINITIALIZED

__llvm_prf_bits 
*          0    20200000    00000000     UNINITIALIZED

MODULE SUMMARY

       Module                         code   ro data   rw data
       ------                         ----   -------   -------
    ./
       startup_mspm0g350x_ticlang.o   6      192       0      
       Scale_Reader.o                 128    9         0      
    +--+------------------------------+------+---------+---------+
       Total:                         134    201       0      
                                                              
    /Applications/ti/ccs2000/ccs/tools/compiler/ti-cgt-armllvm_4.0.1.LTS/lib/armv6m-ti-none-eabi/c/libc.a
       _printfi.c.obj                 2166   34        0      
       aeabi_ctype.S.obj              0      257       0      
       memcpy16.S.obj                 154    0         0      
       snprintf.c.obj                 148    0         0      
       copy_decompress_lzss.c.obj     124    0         0      
       memset16.S.obj                 98     0         0      
       atoi.c.obj                     64     0         0      
       autoinit.c.obj                 60     0         0      
       boot_cortex_m.c.obj            40     0         0      
       memccpy.c.obj                  34     0         0      
       copy_decompress_none.c.obj     18     0         0      
       wcslen.c.obj                   16     0         0      
       aeabi_portable.c.obj           8      0         4      
       exit.c.obj                     4      0         0      
       pre_init.c.obj                 4      0         0      
    +--+------------------------------+------+---------+---------+
       Total:                         2938   291       4      
                                                              
    /Applications/ti/ccs2000/ccs/tools/compiler/ti-cgt-armllvm_4.0.1.LTS/lib/armv6m-ti-none-eabi/libclang_rt.builtins.a
       udivmoddi4.S.obj               162    0         0      
       aeabi_uidivmod.S.obj           64     0         0      
       muldsi3.S.obj                  58     0         0      
       muldi3.S.obj                   36     0         0      
       ashldi3.S.obj                  30     0         0      
       aeabi_uldivmod.S.obj           20     0         0      
       aeabi_memset.S.obj             14     0         0      
       aeabi_memcpy.S.obj             8      0         0      
       aeabi_div0.c.obj               4      0         0      
    +--+------------------------------+------+---------+---------+
       Total:                         396    0         0      
                                                              
       Stack:                         0      0         512    
       Linker Generated:              0      23        0      
    +--+------------------------------+------+---------+---------+
       Grand Total:                   3468   515       516    


LINKER GENERATED COPY TABLES

__TI_cinit_table @ 00000f90 records: 1, size/record: 8, table size: 8
	.data: load addr=00000f88, load size=00000007 bytes, run addr=20200000, run size=00000004 bytes, compression=lzss


LINKER GENERATED HANDLER TABLE

__TI_handler_table @ 00000f80 records: 2, size/record: 4, table size: 8
	index: 0, handler: __TI_decompress_lzss
	index: 1, handler: __TI_decompress_none


GLOBAL SYMBOLS: SORTED ALPHABETICALLY BY Name 

address   name                          
-------   ----                          
00000bc3  ADC0_IRQHandler               
00000bc3  ADC1_IRQHandler               
00000bc3  AES_IRQHandler                
00000e4c  C$$EXIT                       
00000bc3  CANFD0_IRQHandler             
00000bc3  DAC0_IRQHandler               
00000bc3  DMA_IRQHandler                
00000bc3  Default_Handler               
00000bc3  GROUP0_IRQHandler             
00000bc3  GROUP1_IRQHandler             
00000bc3  HardFault_Handler             
00000bc3  I2C0_IRQHandler               
00000bc3  I2C1_IRQHandler               
00000bc3  NMI_Handler                   
00000bc3  PendSV_Handler                
00000bc3  RTC_IRQHandler                
00000e45  Reset_Handler                 
00000bc3  SPI0_IRQHandler               
00000bc3  SPI1_IRQHandler               
00000bc3  SVC_Handler                   
00000bc3  SysTick_Handler               
00000bc3  TIMA0_IRQHandler              
00000bc3  TIMA1_IRQHandler              
00000bc3  TIMG0_IRQHandler              
00000bc3  TIMG12_IRQHandler             
00000bc3  TIMG6_IRQHandler              
00000bc3  TIMG7_IRQHandler              
00000bc3  TIMG8_IRQHandler              
00000bc3  UART0_IRQHandler              
00000bc3  UART1_IRQHandler              
00000bc3  UART2_IRQHandler              
00000bc3  UART3_IRQHandler              
20208000  __STACK_END                   
00000200  __STACK_SIZE                  
00000000  __TI_ATRegion0_region_sz      
00000000  __TI_ATRegion0_src_addr       
00000000  __TI_ATRegion0_trg_addr       
00000000  __TI_ATRegion1_region_sz      
00000000  __TI_ATRegion1_src_addr       
00000000  __TI_ATRegion1_trg_addr       
00000000  __TI_ATRegion2_region_sz      
00000000  __TI_ATRegion2_src_addr       
00000000  __TI_ATRegion2_trg_addr       
00000f90  __TI_CINIT_Base               
00000f98  __TI_CINIT_Limit              
00000f98  __TI_CINIT_Warm               
00000f80  __TI_Handler_Table_Base       
00000f88  __TI_Handler_Table_Limit      
00000c91  __TI_auto_init_nobinit_nopinit
00000ae5  __TI_decompress_lzss          
00000df5  __TI_decompress_none          
ffffffff  __TI_pprof_out_hndl           
000000c1  __TI_printfi_nofloat          
ffffffff  __TI_prof_data_size           
ffffffff  __TI_prof_data_start          
00000000  __TI_static_base__            
00000e50  __aeabi_ctype_table_          
00000e50  __aeabi_ctype_table_C         
20200000  __aeabi_errno                 
00000e35  __aeabi_errno_addr            
00000d37  __aeabi_idiv0                 
00000da7  __aeabi_ldiv0                 
00000da9  __aeabi_llsl                  
00000d61  __aeabi_lmul                  
00000e3d  __aeabi_memcpy                
00000e3d  __aeabi_memcpy4               
00000e3d  __aeabi_memcpy8               
00000e19  __aeabi_memset                
00000e19  __aeabi_memset4               
00000e19  __aeabi_memset8               
00000c11  __aeabi_uidiv                 
00000c11  __aeabi_uidivmod              
00000de1  __aeabi_uldivmod              
00000da9  __ashldi3                     
ffffffff  __binit__                     
UNDEFED   __mpu_init                    
00000d61  __muldi3                      
00000ccd  __muldsi3                     
20207e00  __stack                       
20200000  __start___llvm_prf_bits       
20200000  __start___llvm_prf_cnts       
20200000  __stop___llvm_prf_bits        
20200000  __stop___llvm_prf_cnts        
00000929  __udivmoddi4                  
00000d39  _c_int00_noargs               
UNDEFED   _system_post_cinit            
00000e49  _system_pre_init              
00000e4d  abort                         
00000c51  atoi                          
ffffffff  binit                         
00000000  interruptVectors              
00000a65  main                          
00000d85  memccpy                       
000009cb  memcpy                        
00000b61  memset                        
00000bc5  snprintf                      
00000e07  wcslen                        


GLOBAL SYMBOLS: SORTED BY Symbol Address 

address   name                          
-------   ----                          
00000000  __TI_ATRegion0_region_sz      
00000000  __TI_ATRegion0_src_addr       
00000000  __TI_ATRegion0_trg_addr       
00000000  __TI_ATRegion1_region_sz      
00000000  __TI_ATRegion1_src_addr       
00000000  __TI_ATRegion1_trg_addr       
00000000  __TI_ATRegion2_region_sz      
00000000  __TI_ATRegion2_src_addr       
00000000  __TI_ATRegion2_trg_addr       
00000000  __TI_static_base__            
00000000  interruptVectors              
000000c1  __TI_printfi_nofloat          
00000200  __STACK_SIZE                  
00000929  __udivmoddi4                  
000009cb  memcpy                        
00000a65  main                          
00000ae5  __TI_decompress_lzss          
00000b61  memset                        
00000bc3  ADC0_IRQHandler               
00000bc3  ADC1_IRQHandler               
00000bc3  AES_IRQHandler                
00000bc3  CANFD0_IRQHandler             
00000bc3  DAC0_IRQHandler               
00000bc3  DMA_IRQHandler                
00000bc3  Default_Handler               
00000bc3  GROUP0_IRQHandler             
00000bc3  GROUP1_IRQHandler             
00000bc3  HardFault_Handler             
00000bc3  I2C0_IRQHandler               
00000bc3  I2C1_IRQHandler               
00000bc3  NMI_Handler                   
00000bc3  PendSV_Handler                
00000bc3  RTC_IRQHandler                
00000bc3  SPI0_IRQHandler               
00000bc3  SPI1_IRQHandler               
00000bc3  SVC_Handler                   
00000bc3  SysTick_Handler               
00000bc3  TIMA0_IRQHandler              
00000bc3  TIMA1_IRQHandler              
00000bc3  TIMG0_IRQHandler              
00000bc3  TIMG12_IRQHandler             
00000bc3  TIMG6_IRQHandler              
00000bc3  TIMG7_IRQHandler              
00000bc3  TIMG8_IRQHandler              
00000bc3  UART0_IRQHandler              
00000bc3  UART1_IRQHandler              
00000bc3  UART2_IRQHandler              
00000bc3  UART3_IRQHandler              
00000bc5  snprintf                      
00000c11  __aeabi_uidiv                 
00000c11  __aeabi_uidivmod              
00000c51  atoi                          
00000c91  __TI_auto_init_nobinit_nopinit
00000ccd  __muldsi3                     
00000d37  __aeabi_idiv0                 
00000d39  _c_int00_noargs               
00000d61  __aeabi_lmul                  
00000d61  __muldi3                      
00000d85  memccpy                       
00000da7  __aeabi_ldiv0                 
00000da9  __aeabi_llsl                  
00000da9  __ashldi3                     
00000de1  __aeabi_uldivmod              
00000df5  __TI_decompress_none          
00000e07  wcslen                        
00000e19  __aeabi_memset                
00000e19  __aeabi_memset4               
00000e19  __aeabi_memset8               
00000e35  __aeabi_errno_addr            
00000e3d  __aeabi_memcpy                
00000e3d  __aeabi_memcpy4               
00000e3d  __aeabi_memcpy8               
00000e45  Reset_Handler                 
00000e49  _system_pre_init              
00000e4c  C$$EXIT                       
00000e4d  abort                         
00000e50  __aeabi_ctype_table_          
00000e50  __aeabi_ctype_table_C         
00000f80  __TI_Handler_Table_Base       
00000f88  __TI_Handler_Table_Limit      
00000f90  __TI_CINIT_Base               
00000f98  __TI_CINIT_Limit              
00000f98  __TI_CINIT_Warm               
20200000  __aeabi_errno                 
20200000  __start___llvm_prf_bits       
20200000  __start___llvm_prf_cnts       
20200000  __stop___llvm_prf_bits        
20200000  __stop___llvm_prf_cnts        
20207e00  __stack                       
20208000  __STACK_END                   
ffffffff  __TI_pprof_out_hndl           
ffffffff  __TI_prof_data_size           
ffffffff  __TI_prof_data_start          
ffffffff  __binit__                     
ffffffff  binit                         
UNDEFED   __mpu_init                    
UNDEFED   _system_post_cinit            

[97 symbols]
